Archive member included to satisfy reference by file (symbol)

c:/program files (x86)/atmel/studio/7.0/toolchain/avr8/avr8-gnu-toolchain/bin/../lib/gcc/avr/5.4.0/../../../../avr/lib/avr5\libm.a(addsf3.o)
                              MCAL/ADC/ADC_program.o (__addsf3)
c:/program files (x86)/atmel/studio/7.0/toolchain/avr8/avr8-gnu-toolchain/bin/../lib/gcc/avr/5.4.0/../../../../avr/lib/avr5\libm.a(addsf3x.o)
                              c:/program files (x86)/atmel/studio/7.0/toolchain/avr8/avr8-gnu-toolchain/bin/../lib/gcc/avr/5.4.0/../../../../avr/lib/avr5\libm.a(addsf3.o) (__addsf3x)
c:/program files (x86)/atmel/studio/7.0/toolchain/avr8/avr8-gnu-toolchain/bin/../lib/gcc/avr/5.4.0/../../../../avr/lib/avr5\libm.a(divsf3.o)
                              MCAL/ADC/ADC_program.o (__divsf3)
c:/program files (x86)/atmel/studio/7.0/toolchain/avr8/avr8-gnu-toolchain/bin/../lib/gcc/avr/5.4.0/../../../../avr/lib/avr5\libm.a(divsf3x.o)
                              c:/program files (x86)/atmel/studio/7.0/toolchain/avr8/avr8-gnu-toolchain/bin/../lib/gcc/avr/5.4.0/../../../../avr/lib/avr5\libm.a(divsf3.o) (__divsf3x)
c:/program files (x86)/atmel/studio/7.0/toolchain/avr8/avr8-gnu-toolchain/bin/../lib/gcc/avr/5.4.0/../../../../avr/lib/avr5\libm.a(floatsisf.o)
                              MCAL/ADC/ADC_program.o (__floatunsisf)
c:/program files (x86)/atmel/studio/7.0/toolchain/avr8/avr8-gnu-toolchain/bin/../lib/gcc/avr/5.4.0/../../../../avr/lib/avr5\libm.a(fp_inf.o)
                              c:/program files (x86)/atmel/studio/7.0/toolchain/avr8/avr8-gnu-toolchain/bin/../lib/gcc/avr/5.4.0/../../../../avr/lib/avr5\libm.a(addsf3x.o) (__fp_inf)
c:/program files (x86)/atmel/studio/7.0/toolchain/avr8/avr8-gnu-toolchain/bin/../lib/gcc/avr/5.4.0/../../../../avr/lib/avr5\libm.a(fp_nan.o)
                              c:/program files (x86)/atmel/studio/7.0/toolchain/avr8/avr8-gnu-toolchain/bin/../lib/gcc/avr/5.4.0/../../../../avr/lib/avr5\libm.a(addsf3x.o) (__fp_nan)
c:/program files (x86)/atmel/studio/7.0/toolchain/avr8/avr8-gnu-toolchain/bin/../lib/gcc/avr/5.4.0/../../../../avr/lib/avr5\libm.a(fp_pscA.o)
                              c:/program files (x86)/atmel/studio/7.0/toolchain/avr8/avr8-gnu-toolchain/bin/../lib/gcc/avr/5.4.0/../../../../avr/lib/avr5\libm.a(addsf3x.o) (__fp_pscA)
c:/program files (x86)/atmel/studio/7.0/toolchain/avr8/avr8-gnu-toolchain/bin/../lib/gcc/avr/5.4.0/../../../../avr/lib/avr5\libm.a(fp_pscB.o)
                              c:/program files (x86)/atmel/studio/7.0/toolchain/avr8/avr8-gnu-toolchain/bin/../lib/gcc/avr/5.4.0/../../../../avr/lib/avr5\libm.a(addsf3x.o) (__fp_pscB)
c:/program files (x86)/atmel/studio/7.0/toolchain/avr8/avr8-gnu-toolchain/bin/../lib/gcc/avr/5.4.0/../../../../avr/lib/avr5\libm.a(fp_round.o)
                              c:/program files (x86)/atmel/studio/7.0/toolchain/avr8/avr8-gnu-toolchain/bin/../lib/gcc/avr/5.4.0/../../../../avr/lib/avr5\libm.a(addsf3.o) (__fp_round)
c:/program files (x86)/atmel/studio/7.0/toolchain/avr8/avr8-gnu-toolchain/bin/../lib/gcc/avr/5.4.0/../../../../avr/lib/avr5\libm.a(fp_split3.o)
                              c:/program files (x86)/atmel/studio/7.0/toolchain/avr8/avr8-gnu-toolchain/bin/../lib/gcc/avr/5.4.0/../../../../avr/lib/avr5\libm.a(addsf3x.o) (__fp_split3)
c:/program files (x86)/atmel/studio/7.0/toolchain/avr8/avr8-gnu-toolchain/bin/../lib/gcc/avr/5.4.0/../../../../avr/lib/avr5\libm.a(fp_zero.o)
                              c:/program files (x86)/atmel/studio/7.0/toolchain/avr8/avr8-gnu-toolchain/bin/../lib/gcc/avr/5.4.0/../../../../avr/lib/avr5\libm.a(addsf3x.o) (__fp_zero)
c:/program files (x86)/atmel/studio/7.0/toolchain/avr8/avr8-gnu-toolchain/bin/../lib/gcc/avr/5.4.0/../../../../avr/lib/avr5\libm.a(mulsf3.o)
                              MCAL/ADC/ADC_program.o (__mulsf3)
c:/program files (x86)/atmel/studio/7.0/toolchain/avr8/avr8-gnu-toolchain/bin/../lib/gcc/avr/5.4.0/../../../../avr/lib/avr5\libm.a(mulsf3x.o)
                              c:/program files (x86)/atmel/studio/7.0/toolchain/avr8/avr8-gnu-toolchain/bin/../lib/gcc/avr/5.4.0/../../../../avr/lib/avr5\libm.a(mulsf3.o) (__mulsf3x)
c:/program files (x86)/atmel/studio/7.0/toolchain/avr8/avr8-gnu-toolchain/bin/../lib/gcc/avr/5.4.0/avr5\libgcc.a(_exit.o)
                              C:/Program Files (x86)/Atmel/Studio/7.0/Packs/atmel/ATmega_DFP/1.7.374/gcc/dev/atmega32/avr5/crtatmega32.o (exit)
c:/program files (x86)/atmel/studio/7.0/toolchain/avr8/avr8-gnu-toolchain/bin/../lib/gcc/avr/5.4.0/avr5\libgcc.a(_copy_data.o)
                              HAL/KEY_PAD/KEYPAD_program.o (__do_copy_data)
c:/program files (x86)/atmel/studio/7.0/toolchain/avr8/avr8-gnu-toolchain/bin/../lib/gcc/avr/5.4.0/avr5\libgcc.a(_clear_bss.o)
                              HAL/SEV_SEG/sev_seg_program.o (__do_clear_bss)
c:/program files (x86)/atmel/studio/7.0/toolchain/avr8/avr8-gnu-toolchain/bin/../lib/gcc/avr/5.4.0/avr5\libgcc.a(_umulhisi3.o)
                              HAL/SEV_SEG/sev_seg_program.o (__umulhisi3)
c:/program files (x86)/atmel/studio/7.0/toolchain/avr8/avr8-gnu-toolchain/bin/../lib/gcc/avr/5.4.0/avr5\libgcc.a(_udivdi3.o)
                              MCAL/I2C/I2C_program.o (__udivdi3)
c:/program files (x86)/atmel/studio/7.0/toolchain/avr8/avr8-gnu-toolchain/bin/../lib/gcc/avr/5.4.0/avr5\libgcc.a(_udivmod64.o)
                              c:/program files (x86)/atmel/studio/7.0/toolchain/avr8/avr8-gnu-toolchain/bin/../lib/gcc/avr/5.4.0/avr5\libgcc.a(_udivdi3.o) (__udivmod64)
c:/program files (x86)/atmel/studio/7.0/toolchain/avr8/avr8-gnu-toolchain/bin/../lib/gcc/avr/5.4.0/avr5\libgcc.a(_ashldi3.o)
                              MCAL/I2C/I2C_program.o (__ashldi3)
c:/program files (x86)/atmel/studio/7.0/toolchain/avr8/avr8-gnu-toolchain/bin/../lib/gcc/avr/5.4.0/avr5\libgcc.a(_adddi3_s8.o)
                              MCAL/TIMER0/timer0_program.o (__adddi3_s8)
c:/program files (x86)/atmel/studio/7.0/toolchain/avr8/avr8-gnu-toolchain/bin/../lib/gcc/avr/5.4.0/avr5\libgcc.a(_cmpdi2_s8.o)
                              MCAL/TIMER0/timer0_program.o (__cmpdi2_s8)
c:/program files (x86)/atmel/studio/7.0/toolchain/avr8/avr8-gnu-toolchain/bin/../lib/gcc/avr/5.4.0/../../../../avr/lib/avr5\libc.a(sprintf.o)
                              HAL/LCD/lcd_program.o (sprintf)
c:/program files (x86)/atmel/studio/7.0/toolchain/avr8/avr8-gnu-toolchain/bin/../lib/gcc/avr/5.4.0/../../../../avr/lib/avr5\libc.a(vfprintf_std.o)
                              c:/program files (x86)/atmel/studio/7.0/toolchain/avr8/avr8-gnu-toolchain/bin/../lib/gcc/avr/5.4.0/../../../../avr/lib/avr5\libc.a(sprintf.o) (vfprintf)
c:/program files (x86)/atmel/studio/7.0/toolchain/avr8/avr8-gnu-toolchain/bin/../lib/gcc/avr/5.4.0/../../../../avr/lib/avr5\libc.a(strnlen_P.o)
                              c:/program files (x86)/atmel/studio/7.0/toolchain/avr8/avr8-gnu-toolchain/bin/../lib/gcc/avr/5.4.0/../../../../avr/lib/avr5\libc.a(vfprintf_std.o) (strnlen_P)
c:/program files (x86)/atmel/studio/7.0/toolchain/avr8/avr8-gnu-toolchain/bin/../lib/gcc/avr/5.4.0/../../../../avr/lib/avr5\libc.a(strnlen.o)
                              c:/program files (x86)/atmel/studio/7.0/toolchain/avr8/avr8-gnu-toolchain/bin/../lib/gcc/avr/5.4.0/../../../../avr/lib/avr5\libc.a(vfprintf_std.o) (strnlen)
c:/program files (x86)/atmel/studio/7.0/toolchain/avr8/avr8-gnu-toolchain/bin/../lib/gcc/avr/5.4.0/../../../../avr/lib/avr5\libc.a(fputc.o)
                              c:/program files (x86)/atmel/studio/7.0/toolchain/avr8/avr8-gnu-toolchain/bin/../lib/gcc/avr/5.4.0/../../../../avr/lib/avr5\libc.a(vfprintf_std.o) (fputc)
c:/program files (x86)/atmel/studio/7.0/toolchain/avr8/avr8-gnu-toolchain/bin/../lib/gcc/avr/5.4.0/../../../../avr/lib/avr5\libc.a(ultoa_invert.o)
                              c:/program files (x86)/atmel/studio/7.0/toolchain/avr8/avr8-gnu-toolchain/bin/../lib/gcc/avr/5.4.0/../../../../avr/lib/avr5\libc.a(vfprintf_std.o) (__ultoa_invert)
c:/program files (x86)/atmel/studio/7.0/toolchain/avr8/avr8-gnu-toolchain/bin/../lib/gcc/avr/5.4.0/avr5\libgcc.a(_prologue.o)
                              c:/program files (x86)/atmel/studio/7.0/toolchain/avr8/avr8-gnu-toolchain/bin/../lib/gcc/avr/5.4.0/../../../../avr/lib/avr5\libc.a(sprintf.o) (__prologue_saves__)
c:/program files (x86)/atmel/studio/7.0/toolchain/avr8/avr8-gnu-toolchain/bin/../lib/gcc/avr/5.4.0/avr5\libgcc.a(_epilogue.o)
                              c:/program files (x86)/atmel/studio/7.0/toolchain/avr8/avr8-gnu-toolchain/bin/../lib/gcc/avr/5.4.0/../../../../avr/lib/avr5\libc.a(sprintf.o) (__epilogue_restores__)

Allocating common symbols
Common symbol       size              file

seg_7_decode_pin    0x4               HAL/SEV_SEG/sev_seg_program.o
seg_7_comm_anode    0x4               HAL/SEV_SEG/sev_seg_program.o

Discarded input sections

 .data          0x00000000        0x0 C:/Program Files (x86)/Atmel/Studio/7.0/Packs/atmel/ATmega_DFP/1.7.374/gcc/dev/atmega32/avr5/crtatmega32.o
 .bss           0x00000000        0x0 C:/Program Files (x86)/Atmel/Studio/7.0/Packs/atmel/ATmega_DFP/1.7.374/gcc/dev/atmega32/avr5/crtatmega32.o
 .text          0x00000000        0x0 HAL/BUTTON/btn_program.o
 .data          0x00000000        0x0 HAL/BUTTON/btn_program.o
 .bss           0x00000000        0x0 HAL/BUTTON/btn_program.o
 .text.button_void_init
                0x00000000       0x18 HAL/BUTTON/btn_program.o
 .text.button_u8_ReadVal
                0x00000000       0x52 HAL/BUTTON/btn_program.o
 .debug_info    0x00000000      0x221 HAL/BUTTON/btn_program.o
 .debug_abbrev  0x00000000      0x179 HAL/BUTTON/btn_program.o
 .debug_loc     0x00000000      0x162 HAL/BUTTON/btn_program.o
 .debug_aranges
                0x00000000       0x28 HAL/BUTTON/btn_program.o
 .debug_ranges  0x00000000       0x18 HAL/BUTTON/btn_program.o
 .debug_line    0x00000000      0x1cf HAL/BUTTON/btn_program.o
 .debug_str     0x00000000      0x2a5 HAL/BUTTON/btn_program.o
 .comment       0x00000000       0x31 HAL/BUTTON/btn_program.o
 .debug_frame   0x00000000       0x40 HAL/BUTTON/btn_program.o
 .text          0x00000000        0x0 HAL/KEY_PAD/KEYPAD_program.o
 .data          0x00000000        0x0 HAL/KEY_PAD/KEYPAD_program.o
 .bss           0x00000000        0x0 HAL/KEY_PAD/KEYPAD_program.o
 .text.KEYPAD_Init
                0x00000000       0x7a HAL/KEY_PAD/KEYPAD_program.o
 .text.KEYPAD_Read
                0x00000000       0x44 HAL/KEY_PAD/KEYPAD_program.o
 .data.KP_arr   0x00000000       0x10 HAL/KEY_PAD/KEYPAD_program.o
 .debug_info    0x00000000      0x383 HAL/KEY_PAD/KEYPAD_program.o
 .debug_abbrev  0x00000000       0xf6 HAL/KEY_PAD/KEYPAD_program.o
 .debug_loc     0x00000000       0x65 HAL/KEY_PAD/KEYPAD_program.o
 .debug_aranges
                0x00000000       0x28 HAL/KEY_PAD/KEYPAD_program.o
 .debug_ranges  0x00000000       0x18 HAL/KEY_PAD/KEYPAD_program.o
 .debug_line    0x00000000      0x13d HAL/KEY_PAD/KEYPAD_program.o
 .debug_str     0x00000000      0x277 HAL/KEY_PAD/KEYPAD_program.o
 .comment       0x00000000       0x31 HAL/KEY_PAD/KEYPAD_program.o
 .debug_frame   0x00000000       0x40 HAL/KEY_PAD/KEYPAD_program.o
 .text          0x00000000        0x0 HAL/LCD/lcd_program.o
 .data          0x00000000        0x0 HAL/LCD/lcd_program.o
 .bss           0x00000000        0x0 HAL/LCD/lcd_program.o
 .text.lcd_send_pulse_enable
                0x00000000       0x16 HAL/LCD/lcd_program.o
 .text.lcd_void_init_pins
                0x00000000       0x7a HAL/LCD/lcd_program.o
 .text.lcd_send_command
                0x00000000       0xc6 HAL/LCD/lcd_program.o
 .text.lcd_send_char
                0x00000000       0x96 HAL/LCD/lcd_program.o
 .text.lcd_send_string
                0x00000000       0x42 HAL/LCD/lcd_program.o
 .text.lcd_send_char_pos
                0x00000000       0x7a HAL/LCD/lcd_program.o
 .text.lcd_send_string_pos
                0x00000000       0x94 HAL/LCD/lcd_program.o
 .text.lcd_init_4bit
                0x00000000       0x72 HAL/LCD/lcd_program.o
 .rodata.str1.1
                0x00000000        0x9 HAL/LCD/lcd_program.o
 .text.lcd_convert_u8_to_str
                0x00000000       0x30 HAL/LCD/lcd_program.o
 .text.lcd_convert_u16_to_str
                0x00000000       0x30 HAL/LCD/lcd_program.o
 .text.lcd_convert_u32_to_str
                0x00000000       0x30 HAL/LCD/lcd_program.o
 .text.lcd_convert_f32_to_str
                0x00000000       0x38 HAL/LCD/lcd_program.o
 .debug_info    0x00000000      0xc56 HAL/LCD/lcd_program.o
 .debug_abbrev  0x00000000      0x1b9 HAL/LCD/lcd_program.o
 .debug_loc     0x00000000      0x834 HAL/LCD/lcd_program.o
 .debug_aranges
                0x00000000       0x78 HAL/LCD/lcd_program.o
 .debug_ranges  0x00000000       0x68 HAL/LCD/lcd_program.o
 .debug_line    0x00000000      0x4e5 HAL/LCD/lcd_program.o
 .debug_str     0x00000000      0x3c8 HAL/LCD/lcd_program.o
 .comment       0x00000000       0x31 HAL/LCD/lcd_program.o
 .debug_frame   0x00000000      0x1b8 HAL/LCD/lcd_program.o
 .text          0x00000000        0x0 HAL/LED/led_program.o
 .data          0x00000000        0x0 HAL/LED/led_program.o
 .bss           0x00000000        0x0 HAL/LED/led_program.o
 .text.LED_toggle
                0x00000000        0x6 HAL/LED/led_program.o
 .text.BUZZER_init
                0x00000000       0x16 HAL/LED/led_program.o
 .text.BUZZER_turn_on
                0x00000000        0xc HAL/LED/led_program.o
 .text.BUZZER_turn_off
                0x00000000        0xc HAL/LED/led_program.o
 .text          0x00000000        0x0 HAL/SEV_SEG/sev_seg_program.o
 .data          0x00000000        0x0 HAL/SEV_SEG/sev_seg_program.o
 .bss           0x00000000        0x0 HAL/SEV_SEG/sev_seg_program.o
 .text.seg_7_void_pin_init
                0x00000000       0x36 HAL/SEV_SEG/sev_seg_program.o
 .text.seg_7_void_init
                0x00000000       0xac HAL/SEV_SEG/sev_seg_program.o
 .text.seg_7_void_write_val
                0x00000000      0x10e HAL/SEV_SEG/sev_seg_program.o
 .debug_info    0x00000000      0x39a HAL/SEV_SEG/sev_seg_program.o
 .debug_abbrev  0x00000000      0x1be HAL/SEV_SEG/sev_seg_program.o
 .debug_loc     0x00000000      0x295 HAL/SEV_SEG/sev_seg_program.o
 .debug_aranges
                0x00000000       0x30 HAL/SEV_SEG/sev_seg_program.o
 .debug_ranges  0x00000000       0x20 HAL/SEV_SEG/sev_seg_program.o
 .debug_line    0x00000000      0x2ee HAL/SEV_SEG/sev_seg_program.o
 .debug_str     0x00000000      0x33d HAL/SEV_SEG/sev_seg_program.o
 .comment       0x00000000       0x31 HAL/SEV_SEG/sev_seg_program.o
 .debug_frame   0x00000000       0x78 HAL/SEV_SEG/sev_seg_program.o
 COMMON         0x00000000        0x8 HAL/SEV_SEG/sev_seg_program.o
 .text          0x00000000        0x0 main.o
 .data          0x00000000        0x0 main.o
 .bss           0x00000000        0x0 main.o
 .bss.led_counter_flag
                0x00000000        0x1 main.o
 .data.temp_val
                0x00000000        0x1 main.o
 .bss.flame_state
                0x00000000        0x1 main.o
 .bss.spi_counter
                0x00000000        0x1 main.o
 .text          0x00000000        0x0 MCAL/ADC/ADC_program.o
 .data          0x00000000        0x0 MCAL/ADC/ADC_program.o
 .bss           0x00000000        0x0 MCAL/ADC/ADC_program.o
 .text.ADC_Init
                0x00000000       0x5c MCAL/ADC/ADC_program.o
 .text.ADC_Read
                0x00000000       0x28 MCAL/ADC/ADC_program.o
 .text.ADC_Result
                0x00000000       0xac MCAL/ADC/ADC_program.o
 .text.ADC_Result_LM35
                0x00000000       0x66 MCAL/ADC/ADC_program.o
 .text.ADC_auto_trigger_SelectInt0AndReturnFreeRunning
                0x00000000       0x48 MCAL/ADC/ADC_program.o
 .text.ADC_Auto_Trigger_Init
                0x00000000       0x62 MCAL/ADC/ADC_program.o
 .text.ADC_Auto_Trigger_Read
                0x00000000       0x12 MCAL/ADC/ADC_program.o
 .debug_info    0x00000000      0x2a4 MCAL/ADC/ADC_program.o
 .debug_abbrev  0x00000000      0x104 MCAL/ADC/ADC_program.o
 .debug_loc     0x00000000      0x2d5 MCAL/ADC/ADC_program.o
 .debug_aranges
                0x00000000       0x50 MCAL/ADC/ADC_program.o
 .debug_ranges  0x00000000       0x40 MCAL/ADC/ADC_program.o
 .debug_line    0x00000000      0x234 MCAL/ADC/ADC_program.o
 .debug_str     0x00000000      0x289 MCAL/ADC/ADC_program.o
 .comment       0x00000000       0x31 MCAL/ADC/ADC_program.o
 .debug_frame   0x00000000       0xe4 MCAL/ADC/ADC_program.o
 .text          0x00000000        0x0 MCAL/DIO/dio_program.o
 .data          0x00000000        0x0 MCAL/DIO/dio_program.o
 .bss           0x00000000        0x0 MCAL/DIO/dio_program.o
 .text.DIO_void_SetPortDirection
                0x00000000       0x58 MCAL/DIO/dio_program.o
 .text.DIO_void_SetPortValue
                0x00000000       0x20 MCAL/DIO/dio_program.o
 .text.DIO_void_ReadPortValue
                0x00000000       0x30 MCAL/DIO/dio_program.o
 .text.DIO_void_togglePinValue
                0x00000000       0x68 MCAL/DIO/dio_program.o
 .text.DIO_void_GetBitValue
                0x00000000       0x5c MCAL/DIO/dio_program.o
 .text          0x00000000        0x0 MCAL/EXT_INT/ext_int_program.o
 .data          0x00000000        0x0 MCAL/EXT_INT/ext_int_program.o
 .bss           0x00000000        0x0 MCAL/EXT_INT/ext_int_program.o
 .text.ext_callback
                0x00000000       0x2a MCAL/EXT_INT/ext_int_program.o
 .text.ext_init
                0x00000000      0x11a MCAL/EXT_INT/ext_int_program.o
 .text          0x00000000        0x0 MCAL/GIE/gie_program.o
 .data          0x00000000        0x0 MCAL/GIE/gie_program.o
 .bss           0x00000000        0x0 MCAL/GIE/gie_program.o
 .text.GIE_GetValue
                0x00000000        0xe MCAL/GIE/gie_program.o
 .text.GIE_SetValue
                0x00000000       0x14 MCAL/GIE/gie_program.o
 .text          0x00000000        0x0 MCAL/I2C/I2C_program.o
 .data          0x00000000        0x0 MCAL/I2C/I2C_program.o
 .bss           0x00000000        0x0 MCAL/I2C/I2C_program.o
 .text.CalcBaudRate
                0x00000000       0x6c MCAL/I2C/I2C_program.o
 .text.I2C_MI_Init_Master
                0x00000000       0x12 MCAL/I2C/I2C_program.o
 .text.I2C_MI_Init_Slave
                0x00000000       0x12 MCAL/I2C/I2C_program.o
 .text.I2C_MI_Send_Start_Condition
                0x00000000       0x1a MCAL/I2C/I2C_program.o
 .text.I2C_MI_Send_Repeated_Start_Condition
                0x00000000        0x6 MCAL/I2C/I2C_program.o
 .text.I2C_MI_Send_Slave_Address_Write
                0x00000000       0x1c MCAL/I2C/I2C_program.o
 .text.I2C_MI_Send_Slave_Address_Read
                0x00000000       0x1e MCAL/I2C/I2C_program.o
 .text.I2C_MI_Send_Master_Send_Byte
                0x00000000       0x16 MCAL/I2C/I2C_program.o
 .text.I2C_MI_Send_Master_Read_Byte
                0x00000000       0x1a MCAL/I2C/I2C_program.o
 .text.I2C_MI_Send_Stop_Condition
                0x00000000       0x14 MCAL/I2C/I2C_program.o
 .debug_info    0x00000000      0x273 MCAL/I2C/I2C_program.o
 .debug_abbrev  0x00000000       0xcb MCAL/I2C/I2C_program.o
 .debug_loc     0x00000000      0x114 MCAL/I2C/I2C_program.o
 .debug_aranges
                0x00000000       0x68 MCAL/I2C/I2C_program.o
 .debug_ranges  0x00000000       0x58 MCAL/I2C/I2C_program.o
 .debug_line    0x00000000      0x226 MCAL/I2C/I2C_program.o
 .debug_str     0x00000000      0x36b MCAL/I2C/I2C_program.o
 .comment       0x00000000       0x31 MCAL/I2C/I2C_program.o
 .debug_frame   0x00000000       0xdc MCAL/I2C/I2C_program.o
 .text          0x00000000        0x0 MCAL/NTI_EXT_EEPROM/EXT_EEPROM_prog.o
 .data          0x00000000        0x0 MCAL/NTI_EXT_EEPROM/EXT_EEPROM_prog.o
 .bss           0x00000000        0x0 MCAL/NTI_EXT_EEPROM/EXT_EEPROM_prog.o
 .text          0x00000000        0x0 MCAL/NTI_EXT_EEPROM/TWI_prog.o
 .data          0x00000000        0x0 MCAL/NTI_EXT_EEPROM/TWI_prog.o
 .bss           0x00000000        0x0 MCAL/NTI_EXT_EEPROM/TWI_prog.o
 .text          0x00000000        0x0 MCAL/NTI_I2C_EEPROM/EEPROM.o
 .data          0x00000000        0x0 MCAL/NTI_I2C_EEPROM/EEPROM.o
 .bss           0x00000000        0x0 MCAL/NTI_I2C_EEPROM/EEPROM.o
 .text.EEPROM_WRITE_DATA
                0x00000000       0x34 MCAL/NTI_I2C_EEPROM/EEPROM.o
 .text.EEPROM_READ_DATA
                0x00000000       0x42 MCAL/NTI_I2C_EEPROM/EEPROM.o
 .debug_info    0x00000000      0x238 MCAL/NTI_I2C_EEPROM/EEPROM.o
 .debug_abbrev  0x00000000       0xa3 MCAL/NTI_I2C_EEPROM/EEPROM.o
 .debug_loc     0x00000000      0x133 MCAL/NTI_I2C_EEPROM/EEPROM.o
 .debug_aranges
                0x00000000       0x28 MCAL/NTI_I2C_EEPROM/EEPROM.o
 .debug_ranges  0x00000000       0x18 MCAL/NTI_I2C_EEPROM/EEPROM.o
 .debug_line    0x00000000       0xd3 MCAL/NTI_I2C_EEPROM/EEPROM.o
 .debug_str     0x00000000      0x29c MCAL/NTI_I2C_EEPROM/EEPROM.o
 .comment       0x00000000       0x31 MCAL/NTI_I2C_EEPROM/EEPROM.o
 .debug_frame   0x00000000       0x58 MCAL/NTI_I2C_EEPROM/EEPROM.o
 .text          0x00000000        0x0 MCAL/NTI_I2C_EEPROM/I2C.o
 .data          0x00000000        0x0 MCAL/NTI_I2C_EEPROM/I2C.o
 .bss           0x00000000        0x0 MCAL/NTI_I2C_EEPROM/I2C.o
 .text.I2C_MASTER_INIT
                0x00000000       0x1e MCAL/NTI_I2C_EEPROM/I2C.o
 .text.I2C_SLAVE_INIT
                0x00000000       0x12 MCAL/NTI_I2C_EEPROM/I2C.o
 .text.I2C_Send_Start_Condition
                0x00000000       0x22 MCAL/NTI_I2C_EEPROM/I2C.o
 .text.I2C_Send_Repeated_Start_Condition
                0x00000000       0x22 MCAL/NTI_I2C_EEPROM/I2C.o
 .text.I2C_Send_Slave_Address_Write
                0x00000000       0x2c MCAL/NTI_I2C_EEPROM/I2C.o
 .text.I2C_Send_Slave_Address_Read
                0x00000000       0x2c MCAL/NTI_I2C_EEPROM/I2C.o
 .text.I2C_Send_Master_Send_Byte
                0x00000000       0x1e MCAL/NTI_I2C_EEPROM/I2C.o
 .text.I2C_Send_Master_Read_Byte
                0x00000000       0x22 MCAL/NTI_I2C_EEPROM/I2C.o
 .text.I2C_Send_Stop_Condition
                0x00000000        0xe MCAL/NTI_I2C_EEPROM/I2C.o
 .debug_info    0x00000000      0x27d MCAL/NTI_I2C_EEPROM/I2C.o
 .debug_abbrev  0x00000000       0xd3 MCAL/NTI_I2C_EEPROM/I2C.o
 .debug_loc     0x00000000      0x192 MCAL/NTI_I2C_EEPROM/I2C.o
 .debug_aranges
                0x00000000       0x60 MCAL/NTI_I2C_EEPROM/I2C.o
 .debug_ranges  0x00000000       0x50 MCAL/NTI_I2C_EEPROM/I2C.o
 .debug_line    0x00000000      0x25a MCAL/NTI_I2C_EEPROM/I2C.o
 .debug_str     0x00000000      0x33d MCAL/NTI_I2C_EEPROM/I2C.o
 .comment       0x00000000       0x31 MCAL/NTI_I2C_EEPROM/I2C.o
 .debug_frame   0x00000000       0xa4 MCAL/NTI_I2C_EEPROM/I2C.o
 .text          0x00000000        0x0 MCAL/SPI/SPI_program.o
 .data          0x00000000        0x0 MCAL/SPI/SPI_program.o
 .bss           0x00000000        0x0 MCAL/SPI/SPI_program.o
 .text.SPI_Master_Init
                0x00000000       0x58 MCAL/SPI/SPI_program.o
 .text.SPI_Transmit
                0x00000000       0x1a MCAL/SPI/SPI_program.o
 .text          0x00000000        0x0 MCAL/TIMER0/timer0_program.o
 .data          0x00000000        0x0 MCAL/TIMER0/timer0_program.o
 .bss           0x00000000        0x0 MCAL/TIMER0/timer0_program.o
 .text.TMR0_Select_Mode_Select_Prescaler
                0x00000000       0x90 MCAL/TIMER0/timer0_program.o
 .text.TMR0_CTC_SelectCompareMatchOutput
                0x00000000       0x48 MCAL/TIMER0/timer0_program.o
 .text.TMR0_Init
                0x00000000       0x28 MCAL/TIMER0/timer0_program.o
 .text.TMR0_Disable
                0x00000000        0x8 MCAL/TIMER0/timer0_program.o
 .text.TMR0_Enable_Interrupt
                0x00000000        0x8 MCAL/TIMER0/timer0_program.o
 .text.TMR0_Clear_Flag_Disabled_Interrupt
                0x00000000        0x8 MCAL/TIMER0/timer0_program.o
 .text.TMR0_Callback
                0x00000000        0xa MCAL/TIMER0/timer0_program.o
 .text.TMR0_delay_ms
                0x00000000       0xf0 MCAL/TIMER0/timer0_program.o
 .text.TMR0_Set_OCR0_Value
                0x00000000        0x4 MCAL/TIMER0/timer0_program.o
 .text.TMR0_Set_TCNT0_Value
                0x00000000        0x4 MCAL/TIMER0/timer0_program.o
 .text          0x00000000        0x0 MCAL/UART/UART_program.o
 .data          0x00000000        0x0 MCAL/UART/UART_program.o
 .bss           0x00000000        0x0 MCAL/UART/UART_program.o
 .text.UART_UBBR_Equation
                0x00000000       0x86 MCAL/UART/UART_program.o
 .text.UART_Init
                0x00000000       0x3a MCAL/UART/UART_program.o
 .text.UART_Recieve
                0x00000000       0x12 MCAL/UART/UART_program.o
 .text.UART_Transmit
                0x00000000        0xe MCAL/UART/UART_program.o
 .text.UART_TX_Callback
                0x00000000        0xa MCAL/UART/UART_program.o
 .text.UART_RX_Callback
                0x00000000        0xa MCAL/UART/UART_program.o
 .text          0x00000000        0x0 MCAL/WDT/WDT_program.o
 .data          0x00000000        0x0 MCAL/WDT/WDT_program.o
 .bss           0x00000000        0x0 MCAL/WDT/WDT_program.o
 .text.WDT_Enable
                0x00000000       0x14 MCAL/WDT/WDT_program.o
 .text.WDT_Disable
                0x00000000        0x8 MCAL/WDT/WDT_program.o
 .debug_info    0x00000000      0x117 MCAL/WDT/WDT_program.o
 .debug_abbrev  0x00000000       0x9f MCAL/WDT/WDT_program.o
 .debug_loc     0x00000000       0x21 MCAL/WDT/WDT_program.o
 .debug_aranges
                0x00000000       0x28 MCAL/WDT/WDT_program.o
 .debug_ranges  0x00000000       0x18 MCAL/WDT/WDT_program.o
 .debug_line    0x00000000       0xa6 MCAL/WDT/WDT_program.o
 .debug_str     0x00000000      0x246 MCAL/WDT/WDT_program.o
 .comment       0x00000000       0x31 MCAL/WDT/WDT_program.o
 .debug_frame   0x00000000       0x34 MCAL/WDT/WDT_program.o
 .text          0x00000000        0x0 c:/program files (x86)/atmel/studio/7.0/toolchain/avr8/avr8-gnu-toolchain/bin/../lib/gcc/avr/5.4.0/../../../../avr/lib/avr5\libm.a(addsf3.o)
 .data          0x00000000        0x0 c:/program files (x86)/atmel/studio/7.0/toolchain/avr8/avr8-gnu-toolchain/bin/../lib/gcc/avr/5.4.0/../../../../avr/lib/avr5\libm.a(addsf3.o)
 .bss           0x00000000        0x0 c:/program files (x86)/atmel/studio/7.0/toolchain/avr8/avr8-gnu-toolchain/bin/../lib/gcc/avr/5.4.0/../../../../avr/lib/avr5\libm.a(addsf3.o)
 .text.avr-libc.fplib
                0x00000000        0xe c:/program files (x86)/atmel/studio/7.0/toolchain/avr8/avr8-gnu-toolchain/bin/../lib/gcc/avr/5.4.0/../../../../avr/lib/avr5\libm.a(addsf3.o)
 .text          0x00000000        0x0 c:/program files (x86)/atmel/studio/7.0/toolchain/avr8/avr8-gnu-toolchain/bin/../lib/gcc/avr/5.4.0/../../../../avr/lib/avr5\libm.a(addsf3x.o)
 .data          0x00000000        0x0 c:/program files (x86)/atmel/studio/7.0/toolchain/avr8/avr8-gnu-toolchain/bin/../lib/gcc/avr/5.4.0/../../../../avr/lib/avr5\libm.a(addsf3x.o)
 .bss           0x00000000        0x0 c:/program files (x86)/atmel/studio/7.0/toolchain/avr8/avr8-gnu-toolchain/bin/../lib/gcc/avr/5.4.0/../../../../avr/lib/avr5\libm.a(addsf3x.o)
 .text.avr-libc.fplib
                0x00000000       0xcc c:/program files (x86)/atmel/studio/7.0/toolchain/avr8/avr8-gnu-toolchain/bin/../lib/gcc/avr/5.4.0/../../../../avr/lib/avr5\libm.a(addsf3x.o)
 .text          0x00000000        0x0 c:/program files (x86)/atmel/studio/7.0/toolchain/avr8/avr8-gnu-toolchain/bin/../lib/gcc/avr/5.4.0/../../../../avr/lib/avr5\libm.a(divsf3.o)
 .data          0x00000000        0x0 c:/program files (x86)/atmel/studio/7.0/toolchain/avr8/avr8-gnu-toolchain/bin/../lib/gcc/avr/5.4.0/../../../../avr/lib/avr5\libm.a(divsf3.o)
 .bss           0x00000000        0x0 c:/program files (x86)/atmel/studio/7.0/toolchain/avr8/avr8-gnu-toolchain/bin/../lib/gcc/avr/5.4.0/../../../../avr/lib/avr5\libm.a(divsf3.o)
 .text.avr-libc.fplib
                0x00000000        0x8 c:/program files (x86)/atmel/studio/7.0/toolchain/avr8/avr8-gnu-toolchain/bin/../lib/gcc/avr/5.4.0/../../../../avr/lib/avr5\libm.a(divsf3.o)
 .text          0x00000000        0x0 c:/program files (x86)/atmel/studio/7.0/toolchain/avr8/avr8-gnu-toolchain/bin/../lib/gcc/avr/5.4.0/../../../../avr/lib/avr5\libm.a(divsf3x.o)
 .data          0x00000000        0x0 c:/program files (x86)/atmel/studio/7.0/toolchain/avr8/avr8-gnu-toolchain/bin/../lib/gcc/avr/5.4.0/../../../../avr/lib/avr5\libm.a(divsf3x.o)
 .bss           0x00000000        0x0 c:/program files (x86)/atmel/studio/7.0/toolchain/avr8/avr8-gnu-toolchain/bin/../lib/gcc/avr/5.4.0/../../../../avr/lib/avr5\libm.a(divsf3x.o)
 .text.avr-libc.fplib
                0x00000000       0xdc c:/program files (x86)/atmel/studio/7.0/toolchain/avr8/avr8-gnu-toolchain/bin/../lib/gcc/avr/5.4.0/../../../../avr/lib/avr5\libm.a(divsf3x.o)
 .text          0x00000000        0x0 c:/program files (x86)/atmel/studio/7.0/toolchain/avr8/avr8-gnu-toolchain/bin/../lib/gcc/avr/5.4.0/../../../../avr/lib/avr5\libm.a(floatsisf.o)
 .data          0x00000000        0x0 c:/program files (x86)/atmel/studio/7.0/toolchain/avr8/avr8-gnu-toolchain/bin/../lib/gcc/avr/5.4.0/../../../../avr/lib/avr5\libm.a(floatsisf.o)
 .bss           0x00000000        0x0 c:/program files (x86)/atmel/studio/7.0/toolchain/avr8/avr8-gnu-toolchain/bin/../lib/gcc/avr/5.4.0/../../../../avr/lib/avr5\libm.a(floatsisf.o)
 .text.avr-libc.fplib
                0x00000000       0x7a c:/program files (x86)/atmel/studio/7.0/toolchain/avr8/avr8-gnu-toolchain/bin/../lib/gcc/avr/5.4.0/../../../../avr/lib/avr5\libm.a(floatsisf.o)
 .text          0x00000000        0x0 c:/program files (x86)/atmel/studio/7.0/toolchain/avr8/avr8-gnu-toolchain/bin/../lib/gcc/avr/5.4.0/../../../../avr/lib/avr5\libm.a(fp_inf.o)
 .data          0x00000000        0x0 c:/program files (x86)/atmel/studio/7.0/toolchain/avr8/avr8-gnu-toolchain/bin/../lib/gcc/avr/5.4.0/../../../../avr/lib/avr5\libm.a(fp_inf.o)
 .bss           0x00000000        0x0 c:/program files (x86)/atmel/studio/7.0/toolchain/avr8/avr8-gnu-toolchain/bin/../lib/gcc/avr/5.4.0/../../../../avr/lib/avr5\libm.a(fp_inf.o)
 .text.avr-libc.fplib
                0x00000000        0xc c:/program files (x86)/atmel/studio/7.0/toolchain/avr8/avr8-gnu-toolchain/bin/../lib/gcc/avr/5.4.0/../../../../avr/lib/avr5\libm.a(fp_inf.o)
 .text          0x00000000        0x0 c:/program files (x86)/atmel/studio/7.0/toolchain/avr8/avr8-gnu-toolchain/bin/../lib/gcc/avr/5.4.0/../../../../avr/lib/avr5\libm.a(fp_nan.o)
 .data          0x00000000        0x0 c:/program files (x86)/atmel/studio/7.0/toolchain/avr8/avr8-gnu-toolchain/bin/../lib/gcc/avr/5.4.0/../../../../avr/lib/avr5\libm.a(fp_nan.o)
 .bss           0x00000000        0x0 c:/program files (x86)/atmel/studio/7.0/toolchain/avr8/avr8-gnu-toolchain/bin/../lib/gcc/avr/5.4.0/../../../../avr/lib/avr5\libm.a(fp_nan.o)
 .text.avr-libc.fplib
                0x00000000        0x6 c:/program files (x86)/atmel/studio/7.0/toolchain/avr8/avr8-gnu-toolchain/bin/../lib/gcc/avr/5.4.0/../../../../avr/lib/avr5\libm.a(fp_nan.o)
 .text          0x00000000        0x0 c:/program files (x86)/atmel/studio/7.0/toolchain/avr8/avr8-gnu-toolchain/bin/../lib/gcc/avr/5.4.0/../../../../avr/lib/avr5\libm.a(fp_pscA.o)
 .data          0x00000000        0x0 c:/program files (x86)/atmel/studio/7.0/toolchain/avr8/avr8-gnu-toolchain/bin/../lib/gcc/avr/5.4.0/../../../../avr/lib/avr5\libm.a(fp_pscA.o)
 .bss           0x00000000        0x0 c:/program files (x86)/atmel/studio/7.0/toolchain/avr8/avr8-gnu-toolchain/bin/../lib/gcc/avr/5.4.0/../../../../avr/lib/avr5\libm.a(fp_pscA.o)
 .text.avr-libc.fplib
                0x00000000        0xe c:/program files (x86)/atmel/studio/7.0/toolchain/avr8/avr8-gnu-toolchain/bin/../lib/gcc/avr/5.4.0/../../../../avr/lib/avr5\libm.a(fp_pscA.o)
 .text          0x00000000        0x0 c:/program files (x86)/atmel/studio/7.0/toolchain/avr8/avr8-gnu-toolchain/bin/../lib/gcc/avr/5.4.0/../../../../avr/lib/avr5\libm.a(fp_pscB.o)
 .data          0x00000000        0x0 c:/program files (x86)/atmel/studio/7.0/toolchain/avr8/avr8-gnu-toolchain/bin/../lib/gcc/avr/5.4.0/../../../../avr/lib/avr5\libm.a(fp_pscB.o)
 .bss           0x00000000        0x0 c:/program files (x86)/atmel/studio/7.0/toolchain/avr8/avr8-gnu-toolchain/bin/../lib/gcc/avr/5.4.0/../../../../avr/lib/avr5\libm.a(fp_pscB.o)
 .text.avr-libc.fplib
                0x00000000        0xe c:/program files (x86)/atmel/studio/7.0/toolchain/avr8/avr8-gnu-toolchain/bin/../lib/gcc/avr/5.4.0/../../../../avr/lib/avr5\libm.a(fp_pscB.o)
 .text          0x00000000        0x0 c:/program files (x86)/atmel/studio/7.0/toolchain/avr8/avr8-gnu-toolchain/bin/../lib/gcc/avr/5.4.0/../../../../avr/lib/avr5\libm.a(fp_round.o)
 .data          0x00000000        0x0 c:/program files (x86)/atmel/studio/7.0/toolchain/avr8/avr8-gnu-toolchain/bin/../lib/gcc/avr/5.4.0/../../../../avr/lib/avr5\libm.a(fp_round.o)
 .bss           0x00000000        0x0 c:/program files (x86)/atmel/studio/7.0/toolchain/avr8/avr8-gnu-toolchain/bin/../lib/gcc/avr/5.4.0/../../../../avr/lib/avr5\libm.a(fp_round.o)
 .text.avr-libc.fplib
                0x00000000       0x22 c:/program files (x86)/atmel/studio/7.0/toolchain/avr8/avr8-gnu-toolchain/bin/../lib/gcc/avr/5.4.0/../../../../avr/lib/avr5\libm.a(fp_round.o)
 .text          0x00000000        0x0 c:/program files (x86)/atmel/studio/7.0/toolchain/avr8/avr8-gnu-toolchain/bin/../lib/gcc/avr/5.4.0/../../../../avr/lib/avr5\libm.a(fp_split3.o)
 .data          0x00000000        0x0 c:/program files (x86)/atmel/studio/7.0/toolchain/avr8/avr8-gnu-toolchain/bin/../lib/gcc/avr/5.4.0/../../../../avr/lib/avr5\libm.a(fp_split3.o)
 .bss           0x00000000        0x0 c:/program files (x86)/atmel/studio/7.0/toolchain/avr8/avr8-gnu-toolchain/bin/../lib/gcc/avr/5.4.0/../../../../avr/lib/avr5\libm.a(fp_split3.o)
 .text.avr-libc.fplib
                0x00000000       0x44 c:/program files (x86)/atmel/studio/7.0/toolchain/avr8/avr8-gnu-toolchain/bin/../lib/gcc/avr/5.4.0/../../../../avr/lib/avr5\libm.a(fp_split3.o)
 .text          0x00000000        0x0 c:/program files (x86)/atmel/studio/7.0/toolchain/avr8/avr8-gnu-toolchain/bin/../lib/gcc/avr/5.4.0/../../../../avr/lib/avr5\libm.a(fp_zero.o)
 .data          0x00000000        0x0 c:/program files (x86)/atmel/studio/7.0/toolchain/avr8/avr8-gnu-toolchain/bin/../lib/gcc/avr/5.4.0/../../../../avr/lib/avr5\libm.a(fp_zero.o)
 .bss           0x00000000        0x0 c:/program files (x86)/atmel/studio/7.0/toolchain/avr8/avr8-gnu-toolchain/bin/../lib/gcc/avr/5.4.0/../../../../avr/lib/avr5\libm.a(fp_zero.o)
 .text.avr-libc.fplib
                0x00000000        0xe c:/program files (x86)/atmel/studio/7.0/toolchain/avr8/avr8-gnu-toolchain/bin/../lib/gcc/avr/5.4.0/../../../../avr/lib/avr5\libm.a(fp_zero.o)
 .text          0x00000000        0x0 c:/program files (x86)/atmel/studio/7.0/toolchain/avr8/avr8-gnu-toolchain/bin/../lib/gcc/avr/5.4.0/../../../../avr/lib/avr5\libm.a(mulsf3.o)
 .data          0x00000000        0x0 c:/program files (x86)/atmel/studio/7.0/toolchain/avr8/avr8-gnu-toolchain/bin/../lib/gcc/avr/5.4.0/../../../../avr/lib/avr5\libm.a(mulsf3.o)
 .bss           0x00000000        0x0 c:/program files (x86)/atmel/studio/7.0/toolchain/avr8/avr8-gnu-toolchain/bin/../lib/gcc/avr/5.4.0/../../../../avr/lib/avr5\libm.a(mulsf3.o)
 .text.avr-libc.fplib
                0x00000000        0x8 c:/program files (x86)/atmel/studio/7.0/toolchain/avr8/avr8-gnu-toolchain/bin/../lib/gcc/avr/5.4.0/../../../../avr/lib/avr5\libm.a(mulsf3.o)
 .text          0x00000000        0x0 c:/program files (x86)/atmel/studio/7.0/toolchain/avr8/avr8-gnu-toolchain/bin/../lib/gcc/avr/5.4.0/../../../../avr/lib/avr5\libm.a(mulsf3x.o)
 .data          0x00000000        0x0 c:/program files (x86)/atmel/studio/7.0/toolchain/avr8/avr8-gnu-toolchain/bin/../lib/gcc/avr/5.4.0/../../../../avr/lib/avr5\libm.a(mulsf3x.o)
 .bss           0x00000000        0x0 c:/program files (x86)/atmel/studio/7.0/toolchain/avr8/avr8-gnu-toolchain/bin/../lib/gcc/avr/5.4.0/../../../../avr/lib/avr5\libm.a(mulsf3x.o)
 .text.avr-libc.fplib
                0x00000000       0xd2 c:/program files (x86)/atmel/studio/7.0/toolchain/avr8/avr8-gnu-toolchain/bin/../lib/gcc/avr/5.4.0/../../../../avr/lib/avr5\libm.a(mulsf3x.o)
 .text          0x00000000        0x0 c:/program files (x86)/atmel/studio/7.0/toolchain/avr8/avr8-gnu-toolchain/bin/../lib/gcc/avr/5.4.0/avr5\libgcc.a(_exit.o)
 .data          0x00000000        0x0 c:/program files (x86)/atmel/studio/7.0/toolchain/avr8/avr8-gnu-toolchain/bin/../lib/gcc/avr/5.4.0/avr5\libgcc.a(_exit.o)
 .bss           0x00000000        0x0 c:/program files (x86)/atmel/studio/7.0/toolchain/avr8/avr8-gnu-toolchain/bin/../lib/gcc/avr/5.4.0/avr5\libgcc.a(_exit.o)
 .text.libgcc.mul
                0x00000000        0x0 c:/program files (x86)/atmel/studio/7.0/toolchain/avr8/avr8-gnu-toolchain/bin/../lib/gcc/avr/5.4.0/avr5\libgcc.a(_exit.o)
 .text.libgcc.div
                0x00000000        0x0 c:/program files (x86)/atmel/studio/7.0/toolchain/avr8/avr8-gnu-toolchain/bin/../lib/gcc/avr/5.4.0/avr5\libgcc.a(_exit.o)
 .text.libgcc   0x00000000        0x0 c:/program files (x86)/atmel/studio/7.0/toolchain/avr8/avr8-gnu-toolchain/bin/../lib/gcc/avr/5.4.0/avr5\libgcc.a(_exit.o)
 .text.libgcc.prologue
                0x00000000        0x0 c:/program files (x86)/atmel/studio/7.0/toolchain/avr8/avr8-gnu-toolchain/bin/../lib/gcc/avr/5.4.0/avr5\libgcc.a(_exit.o)
 .text.libgcc.builtins
                0x00000000        0x0 c:/program files (x86)/atmel/studio/7.0/toolchain/avr8/avr8-gnu-toolchain/bin/../lib/gcc/avr/5.4.0/avr5\libgcc.a(_exit.o)
 .text.libgcc.fmul
                0x00000000        0x0 c:/program files (x86)/atmel/studio/7.0/toolchain/avr8/avr8-gnu-toolchain/bin/../lib/gcc/avr/5.4.0/avr5\libgcc.a(_exit.o)
 .text.libgcc.fixed
                0x00000000        0x0 c:/program files (x86)/atmel/studio/7.0/toolchain/avr8/avr8-gnu-toolchain/bin/../lib/gcc/avr/5.4.0/avr5\libgcc.a(_exit.o)
 .text          0x00000000        0x0 c:/program files (x86)/atmel/studio/7.0/toolchain/avr8/avr8-gnu-toolchain/bin/../lib/gcc/avr/5.4.0/avr5\libgcc.a(_copy_data.o)
 .data          0x00000000        0x0 c:/program files (x86)/atmel/studio/7.0/toolchain/avr8/avr8-gnu-toolchain/bin/../lib/gcc/avr/5.4.0/avr5\libgcc.a(_copy_data.o)
 .bss           0x00000000        0x0 c:/program files (x86)/atmel/studio/7.0/toolchain/avr8/avr8-gnu-toolchain/bin/../lib/gcc/avr/5.4.0/avr5\libgcc.a(_copy_data.o)
 .text.libgcc.mul
                0x00000000        0x0 c:/program files (x86)/atmel/studio/7.0/toolchain/avr8/avr8-gnu-toolchain/bin/../lib/gcc/avr/5.4.0/avr5\libgcc.a(_copy_data.o)
 .text.libgcc.div
                0x00000000        0x0 c:/program files (x86)/atmel/studio/7.0/toolchain/avr8/avr8-gnu-toolchain/bin/../lib/gcc/avr/5.4.0/avr5\libgcc.a(_copy_data.o)
 .text.libgcc   0x00000000        0x0 c:/program files (x86)/atmel/studio/7.0/toolchain/avr8/avr8-gnu-toolchain/bin/../lib/gcc/avr/5.4.0/avr5\libgcc.a(_copy_data.o)
 .text.libgcc.prologue
                0x00000000        0x0 c:/program files (x86)/atmel/studio/7.0/toolchain/avr8/avr8-gnu-toolchain/bin/../lib/gcc/avr/5.4.0/avr5\libgcc.a(_copy_data.o)
 .text.libgcc.builtins
                0x00000000        0x0 c:/program files (x86)/atmel/studio/7.0/toolchain/avr8/avr8-gnu-toolchain/bin/../lib/gcc/avr/5.4.0/avr5\libgcc.a(_copy_data.o)
 .text.libgcc.fmul
                0x00000000        0x0 c:/program files (x86)/atmel/studio/7.0/toolchain/avr8/avr8-gnu-toolchain/bin/../lib/gcc/avr/5.4.0/avr5\libgcc.a(_copy_data.o)
 .text.libgcc.fixed
                0x00000000        0x0 c:/program files (x86)/atmel/studio/7.0/toolchain/avr8/avr8-gnu-toolchain/bin/../lib/gcc/avr/5.4.0/avr5\libgcc.a(_copy_data.o)
 .text          0x00000000        0x0 c:/program files (x86)/atmel/studio/7.0/toolchain/avr8/avr8-gnu-toolchain/bin/../lib/gcc/avr/5.4.0/avr5\libgcc.a(_clear_bss.o)
 .data          0x00000000        0x0 c:/program files (x86)/atmel/studio/7.0/toolchain/avr8/avr8-gnu-toolchain/bin/../lib/gcc/avr/5.4.0/avr5\libgcc.a(_clear_bss.o)
 .bss           0x00000000        0x0 c:/program files (x86)/atmel/studio/7.0/toolchain/avr8/avr8-gnu-toolchain/bin/../lib/gcc/avr/5.4.0/avr5\libgcc.a(_clear_bss.o)
 .text.libgcc.mul
                0x00000000        0x0 c:/program files (x86)/atmel/studio/7.0/toolchain/avr8/avr8-gnu-toolchain/bin/../lib/gcc/avr/5.4.0/avr5\libgcc.a(_clear_bss.o)
 .text.libgcc.div
                0x00000000        0x0 c:/program files (x86)/atmel/studio/7.0/toolchain/avr8/avr8-gnu-toolchain/bin/../lib/gcc/avr/5.4.0/avr5\libgcc.a(_clear_bss.o)
 .text.libgcc   0x00000000        0x0 c:/program files (x86)/atmel/studio/7.0/toolchain/avr8/avr8-gnu-toolchain/bin/../lib/gcc/avr/5.4.0/avr5\libgcc.a(_clear_bss.o)
 .text.libgcc.prologue
                0x00000000        0x0 c:/program files (x86)/atmel/studio/7.0/toolchain/avr8/avr8-gnu-toolchain/bin/../lib/gcc/avr/5.4.0/avr5\libgcc.a(_clear_bss.o)
 .text.libgcc.builtins
                0x00000000        0x0 c:/program files (x86)/atmel/studio/7.0/toolchain/avr8/avr8-gnu-toolchain/bin/../lib/gcc/avr/5.4.0/avr5\libgcc.a(_clear_bss.o)
 .text.libgcc.fmul
                0x00000000        0x0 c:/program files (x86)/atmel/studio/7.0/toolchain/avr8/avr8-gnu-toolchain/bin/../lib/gcc/avr/5.4.0/avr5\libgcc.a(_clear_bss.o)
 .text.libgcc.fixed
                0x00000000        0x0 c:/program files (x86)/atmel/studio/7.0/toolchain/avr8/avr8-gnu-toolchain/bin/../lib/gcc/avr/5.4.0/avr5\libgcc.a(_clear_bss.o)
 .text          0x00000000        0x0 c:/program files (x86)/atmel/studio/7.0/toolchain/avr8/avr8-gnu-toolchain/bin/../lib/gcc/avr/5.4.0/avr5\libgcc.a(_umulhisi3.o)
 .data          0x00000000        0x0 c:/program files (x86)/atmel/studio/7.0/toolchain/avr8/avr8-gnu-toolchain/bin/../lib/gcc/avr/5.4.0/avr5\libgcc.a(_umulhisi3.o)
 .bss           0x00000000        0x0 c:/program files (x86)/atmel/studio/7.0/toolchain/avr8/avr8-gnu-toolchain/bin/../lib/gcc/avr/5.4.0/avr5\libgcc.a(_umulhisi3.o)
 .text.libgcc.mul
                0x00000000       0x1e c:/program files (x86)/atmel/studio/7.0/toolchain/avr8/avr8-gnu-toolchain/bin/../lib/gcc/avr/5.4.0/avr5\libgcc.a(_umulhisi3.o)
 .text.libgcc.div
                0x00000000        0x0 c:/program files (x86)/atmel/studio/7.0/toolchain/avr8/avr8-gnu-toolchain/bin/../lib/gcc/avr/5.4.0/avr5\libgcc.a(_umulhisi3.o)
 .text.libgcc   0x00000000        0x0 c:/program files (x86)/atmel/studio/7.0/toolchain/avr8/avr8-gnu-toolchain/bin/../lib/gcc/avr/5.4.0/avr5\libgcc.a(_umulhisi3.o)
 .text.libgcc.prologue
                0x00000000        0x0 c:/program files (x86)/atmel/studio/7.0/toolchain/avr8/avr8-gnu-toolchain/bin/../lib/gcc/avr/5.4.0/avr5\libgcc.a(_umulhisi3.o)
 .text.libgcc.builtins
                0x00000000        0x0 c:/program files (x86)/atmel/studio/7.0/toolchain/avr8/avr8-gnu-toolchain/bin/../lib/gcc/avr/5.4.0/avr5\libgcc.a(_umulhisi3.o)
 .text.libgcc.fmul
                0x00000000        0x0 c:/program files (x86)/atmel/studio/7.0/toolchain/avr8/avr8-gnu-toolchain/bin/../lib/gcc/avr/5.4.0/avr5\libgcc.a(_umulhisi3.o)
 .text.libgcc.fixed
                0x00000000        0x0 c:/program files (x86)/atmel/studio/7.0/toolchain/avr8/avr8-gnu-toolchain/bin/../lib/gcc/avr/5.4.0/avr5\libgcc.a(_umulhisi3.o)
 .text          0x00000000        0x0 c:/program files (x86)/atmel/studio/7.0/toolchain/avr8/avr8-gnu-toolchain/bin/../lib/gcc/avr/5.4.0/avr5\libgcc.a(_udivdi3.o)
 .data          0x00000000        0x0 c:/program files (x86)/atmel/studio/7.0/toolchain/avr8/avr8-gnu-toolchain/bin/../lib/gcc/avr/5.4.0/avr5\libgcc.a(_udivdi3.o)
 .bss           0x00000000        0x0 c:/program files (x86)/atmel/studio/7.0/toolchain/avr8/avr8-gnu-toolchain/bin/../lib/gcc/avr/5.4.0/avr5\libgcc.a(_udivdi3.o)
 .text.libgcc.mul
                0x00000000        0x0 c:/program files (x86)/atmel/studio/7.0/toolchain/avr8/avr8-gnu-toolchain/bin/../lib/gcc/avr/5.4.0/avr5\libgcc.a(_udivdi3.o)
 .text.libgcc.div
                0x00000000       0x1c c:/program files (x86)/atmel/studio/7.0/toolchain/avr8/avr8-gnu-toolchain/bin/../lib/gcc/avr/5.4.0/avr5\libgcc.a(_udivdi3.o)
 .text.libgcc   0x00000000        0x0 c:/program files (x86)/atmel/studio/7.0/toolchain/avr8/avr8-gnu-toolchain/bin/../lib/gcc/avr/5.4.0/avr5\libgcc.a(_udivdi3.o)
 .text.libgcc.prologue
                0x00000000        0x0 c:/program files (x86)/atmel/studio/7.0/toolchain/avr8/avr8-gnu-toolchain/bin/../lib/gcc/avr/5.4.0/avr5\libgcc.a(_udivdi3.o)
 .text.libgcc.builtins
                0x00000000        0x0 c:/program files (x86)/atmel/studio/7.0/toolchain/avr8/avr8-gnu-toolchain/bin/../lib/gcc/avr/5.4.0/avr5\libgcc.a(_udivdi3.o)
 .text.libgcc.fmul
                0x00000000        0x0 c:/program files (x86)/atmel/studio/7.0/toolchain/avr8/avr8-gnu-toolchain/bin/../lib/gcc/avr/5.4.0/avr5\libgcc.a(_udivdi3.o)
 .text.libgcc.fixed
                0x00000000        0x0 c:/program files (x86)/atmel/studio/7.0/toolchain/avr8/avr8-gnu-toolchain/bin/../lib/gcc/avr/5.4.0/avr5\libgcc.a(_udivdi3.o)
 .text          0x00000000        0x0 c:/program files (x86)/atmel/studio/7.0/toolchain/avr8/avr8-gnu-toolchain/bin/../lib/gcc/avr/5.4.0/avr5\libgcc.a(_udivmod64.o)
 .data          0x00000000        0x0 c:/program files (x86)/atmel/studio/7.0/toolchain/avr8/avr8-gnu-toolchain/bin/../lib/gcc/avr/5.4.0/avr5\libgcc.a(_udivmod64.o)
 .bss           0x00000000        0x0 c:/program files (x86)/atmel/studio/7.0/toolchain/avr8/avr8-gnu-toolchain/bin/../lib/gcc/avr/5.4.0/avr5\libgcc.a(_udivmod64.o)
 .text.libgcc.mul
                0x00000000        0x0 c:/program files (x86)/atmel/studio/7.0/toolchain/avr8/avr8-gnu-toolchain/bin/../lib/gcc/avr/5.4.0/avr5\libgcc.a(_udivmod64.o)
 .text.libgcc.div
                0x00000000       0xa2 c:/program files (x86)/atmel/studio/7.0/toolchain/avr8/avr8-gnu-toolchain/bin/../lib/gcc/avr/5.4.0/avr5\libgcc.a(_udivmod64.o)
 .text.libgcc   0x00000000        0x0 c:/program files (x86)/atmel/studio/7.0/toolchain/avr8/avr8-gnu-toolchain/bin/../lib/gcc/avr/5.4.0/avr5\libgcc.a(_udivmod64.o)
 .text.libgcc.prologue
                0x00000000        0x0 c:/program files (x86)/atmel/studio/7.0/toolchain/avr8/avr8-gnu-toolchain/bin/../lib/gcc/avr/5.4.0/avr5\libgcc.a(_udivmod64.o)
 .text.libgcc.builtins
                0x00000000        0x0 c:/program files (x86)/atmel/studio/7.0/toolchain/avr8/avr8-gnu-toolchain/bin/../lib/gcc/avr/5.4.0/avr5\libgcc.a(_udivmod64.o)
 .text.libgcc.fmul
                0x00000000        0x0 c:/program files (x86)/atmel/studio/7.0/toolchain/avr8/avr8-gnu-toolchain/bin/../lib/gcc/avr/5.4.0/avr5\libgcc.a(_udivmod64.o)
 .text.libgcc.fixed
                0x00000000        0x0 c:/program files (x86)/atmel/studio/7.0/toolchain/avr8/avr8-gnu-toolchain/bin/../lib/gcc/avr/5.4.0/avr5\libgcc.a(_udivmod64.o)
 .text          0x00000000        0x0 c:/program files (x86)/atmel/studio/7.0/toolchain/avr8/avr8-gnu-toolchain/bin/../lib/gcc/avr/5.4.0/avr5\libgcc.a(_ashldi3.o)
 .data          0x00000000        0x0 c:/program files (x86)/atmel/studio/7.0/toolchain/avr8/avr8-gnu-toolchain/bin/../lib/gcc/avr/5.4.0/avr5\libgcc.a(_ashldi3.o)
 .bss           0x00000000        0x0 c:/program files (x86)/atmel/studio/7.0/toolchain/avr8/avr8-gnu-toolchain/bin/../lib/gcc/avr/5.4.0/avr5\libgcc.a(_ashldi3.o)
 .text.libgcc.mul
                0x00000000        0x0 c:/program files (x86)/atmel/studio/7.0/toolchain/avr8/avr8-gnu-toolchain/bin/../lib/gcc/avr/5.4.0/avr5\libgcc.a(_ashldi3.o)
 .text.libgcc.div
                0x00000000        0x0 c:/program files (x86)/atmel/studio/7.0/toolchain/avr8/avr8-gnu-toolchain/bin/../lib/gcc/avr/5.4.0/avr5\libgcc.a(_ashldi3.o)
 .text.libgcc   0x00000000        0x0 c:/program files (x86)/atmel/studio/7.0/toolchain/avr8/avr8-gnu-toolchain/bin/../lib/gcc/avr/5.4.0/avr5\libgcc.a(_ashldi3.o)
 .text.libgcc.prologue
                0x00000000        0x0 c:/program files (x86)/atmel/studio/7.0/toolchain/avr8/avr8-gnu-toolchain/bin/../lib/gcc/avr/5.4.0/avr5\libgcc.a(_ashldi3.o)
 .text.libgcc.builtins
                0x00000000       0x32 c:/program files (x86)/atmel/studio/7.0/toolchain/avr8/avr8-gnu-toolchain/bin/../lib/gcc/avr/5.4.0/avr5\libgcc.a(_ashldi3.o)
 .text.libgcc.fmul
                0x00000000        0x0 c:/program files (x86)/atmel/studio/7.0/toolchain/avr8/avr8-gnu-toolchain/bin/../lib/gcc/avr/5.4.0/avr5\libgcc.a(_ashldi3.o)
 .text.libgcc.fixed
                0x00000000        0x0 c:/program files (x86)/atmel/studio/7.0/toolchain/avr8/avr8-gnu-toolchain/bin/../lib/gcc/avr/5.4.0/avr5\libgcc.a(_ashldi3.o)
 .text          0x00000000        0x0 c:/program files (x86)/atmel/studio/7.0/toolchain/avr8/avr8-gnu-toolchain/bin/../lib/gcc/avr/5.4.0/avr5\libgcc.a(_adddi3_s8.o)
 .data          0x00000000        0x0 c:/program files (x86)/atmel/studio/7.0/toolchain/avr8/avr8-gnu-toolchain/bin/../lib/gcc/avr/5.4.0/avr5\libgcc.a(_adddi3_s8.o)
 .bss           0x00000000        0x0 c:/program files (x86)/atmel/studio/7.0/toolchain/avr8/avr8-gnu-toolchain/bin/../lib/gcc/avr/5.4.0/avr5\libgcc.a(_adddi3_s8.o)
 .text.libgcc.mul
                0x00000000        0x0 c:/program files (x86)/atmel/studio/7.0/toolchain/avr8/avr8-gnu-toolchain/bin/../lib/gcc/avr/5.4.0/avr5\libgcc.a(_adddi3_s8.o)
 .text.libgcc.div
                0x00000000        0x0 c:/program files (x86)/atmel/studio/7.0/toolchain/avr8/avr8-gnu-toolchain/bin/../lib/gcc/avr/5.4.0/avr5\libgcc.a(_adddi3_s8.o)
 .text.libgcc   0x00000000       0x18 c:/program files (x86)/atmel/studio/7.0/toolchain/avr8/avr8-gnu-toolchain/bin/../lib/gcc/avr/5.4.0/avr5\libgcc.a(_adddi3_s8.o)
 .text.libgcc.prologue
                0x00000000        0x0 c:/program files (x86)/atmel/studio/7.0/toolchain/avr8/avr8-gnu-toolchain/bin/../lib/gcc/avr/5.4.0/avr5\libgcc.a(_adddi3_s8.o)
 .text.libgcc.builtins
                0x00000000        0x0 c:/program files (x86)/atmel/studio/7.0/toolchain/avr8/avr8-gnu-toolchain/bin/../lib/gcc/avr/5.4.0/avr5\libgcc.a(_adddi3_s8.o)
 .text.libgcc.fmul
                0x00000000        0x0 c:/program files (x86)/atmel/studio/7.0/toolchain/avr8/avr8-gnu-toolchain/bin/../lib/gcc/avr/5.4.0/avr5\libgcc.a(_adddi3_s8.o)
 .text.libgcc.fixed
                0x00000000        0x0 c:/program files (x86)/atmel/studio/7.0/toolchain/avr8/avr8-gnu-toolchain/bin/../lib/gcc/avr/5.4.0/avr5\libgcc.a(_adddi3_s8.o)
 .text          0x00000000        0x0 c:/program files (x86)/atmel/studio/7.0/toolchain/avr8/avr8-gnu-toolchain/bin/../lib/gcc/avr/5.4.0/avr5\libgcc.a(_cmpdi2_s8.o)
 .data          0x00000000        0x0 c:/program files (x86)/atmel/studio/7.0/toolchain/avr8/avr8-gnu-toolchain/bin/../lib/gcc/avr/5.4.0/avr5\libgcc.a(_cmpdi2_s8.o)
 .bss           0x00000000        0x0 c:/program files (x86)/atmel/studio/7.0/toolchain/avr8/avr8-gnu-toolchain/bin/../lib/gcc/avr/5.4.0/avr5\libgcc.a(_cmpdi2_s8.o)
 .text.libgcc.mul
                0x00000000        0x0 c:/program files (x86)/atmel/studio/7.0/toolchain/avr8/avr8-gnu-toolchain/bin/../lib/gcc/avr/5.4.0/avr5\libgcc.a(_cmpdi2_s8.o)
 .text.libgcc.div
                0x00000000        0x0 c:/program files (x86)/atmel/studio/7.0/toolchain/avr8/avr8-gnu-toolchain/bin/../lib/gcc/avr/5.4.0/avr5\libgcc.a(_cmpdi2_s8.o)
 .text.libgcc   0x00000000       0x18 c:/program files (x86)/atmel/studio/7.0/toolchain/avr8/avr8-gnu-toolchain/bin/../lib/gcc/avr/5.4.0/avr5\libgcc.a(_cmpdi2_s8.o)
 .text.libgcc.prologue
                0x00000000        0x0 c:/program files (x86)/atmel/studio/7.0/toolchain/avr8/avr8-gnu-toolchain/bin/../lib/gcc/avr/5.4.0/avr5\libgcc.a(_cmpdi2_s8.o)
 .text.libgcc.builtins
                0x00000000        0x0 c:/program files (x86)/atmel/studio/7.0/toolchain/avr8/avr8-gnu-toolchain/bin/../lib/gcc/avr/5.4.0/avr5\libgcc.a(_cmpdi2_s8.o)
 .text.libgcc.fmul
                0x00000000        0x0 c:/program files (x86)/atmel/studio/7.0/toolchain/avr8/avr8-gnu-toolchain/bin/../lib/gcc/avr/5.4.0/avr5\libgcc.a(_cmpdi2_s8.o)
 .text.libgcc.fixed
                0x00000000        0x0 c:/program files (x86)/atmel/studio/7.0/toolchain/avr8/avr8-gnu-toolchain/bin/../lib/gcc/avr/5.4.0/avr5\libgcc.a(_cmpdi2_s8.o)
 .text          0x00000000        0x0 c:/program files (x86)/atmel/studio/7.0/toolchain/avr8/avr8-gnu-toolchain/bin/../lib/gcc/avr/5.4.0/../../../../avr/lib/avr5\libc.a(sprintf.o)
 .data          0x00000000        0x0 c:/program files (x86)/atmel/studio/7.0/toolchain/avr8/avr8-gnu-toolchain/bin/../lib/gcc/avr/5.4.0/../../../../avr/lib/avr5\libc.a(sprintf.o)
 .bss           0x00000000        0x0 c:/program files (x86)/atmel/studio/7.0/toolchain/avr8/avr8-gnu-toolchain/bin/../lib/gcc/avr/5.4.0/../../../../avr/lib/avr5\libc.a(sprintf.o)
 .text.avr-libc
                0x00000000       0x44 c:/program files (x86)/atmel/studio/7.0/toolchain/avr8/avr8-gnu-toolchain/bin/../lib/gcc/avr/5.4.0/../../../../avr/lib/avr5\libc.a(sprintf.o)
 .comment       0x00000000       0x31 c:/program files (x86)/atmel/studio/7.0/toolchain/avr8/avr8-gnu-toolchain/bin/../lib/gcc/avr/5.4.0/../../../../avr/lib/avr5\libc.a(sprintf.o)
 .text          0x00000000        0x0 c:/program files (x86)/atmel/studio/7.0/toolchain/avr8/avr8-gnu-toolchain/bin/../lib/gcc/avr/5.4.0/../../../../avr/lib/avr5\libc.a(vfprintf_std.o)
 .data          0x00000000        0x0 c:/program files (x86)/atmel/studio/7.0/toolchain/avr8/avr8-gnu-toolchain/bin/../lib/gcc/avr/5.4.0/../../../../avr/lib/avr5\libc.a(vfprintf_std.o)
 .bss           0x00000000        0x0 c:/program files (x86)/atmel/studio/7.0/toolchain/avr8/avr8-gnu-toolchain/bin/../lib/gcc/avr/5.4.0/../../../../avr/lib/avr5\libc.a(vfprintf_std.o)
 .text.avr-libc
                0x00000000      0x3c2 c:/program files (x86)/atmel/studio/7.0/toolchain/avr8/avr8-gnu-toolchain/bin/../lib/gcc/avr/5.4.0/../../../../avr/lib/avr5\libc.a(vfprintf_std.o)
 .comment       0x00000000       0x2d c:/program files (x86)/atmel/studio/7.0/toolchain/avr8/avr8-gnu-toolchain/bin/../lib/gcc/avr/5.4.0/../../../../avr/lib/avr5\libc.a(vfprintf_std.o)
 .text          0x00000000        0x0 c:/program files (x86)/atmel/studio/7.0/toolchain/avr8/avr8-gnu-toolchain/bin/../lib/gcc/avr/5.4.0/../../../../avr/lib/avr5\libc.a(strnlen_P.o)
 .data          0x00000000        0x0 c:/program files (x86)/atmel/studio/7.0/toolchain/avr8/avr8-gnu-toolchain/bin/../lib/gcc/avr/5.4.0/../../../../avr/lib/avr5\libc.a(strnlen_P.o)
 .bss           0x00000000        0x0 c:/program files (x86)/atmel/studio/7.0/toolchain/avr8/avr8-gnu-toolchain/bin/../lib/gcc/avr/5.4.0/../../../../avr/lib/avr5\libc.a(strnlen_P.o)
 .text.avr-libc
                0x00000000       0x16 c:/program files (x86)/atmel/studio/7.0/toolchain/avr8/avr8-gnu-toolchain/bin/../lib/gcc/avr/5.4.0/../../../../avr/lib/avr5\libc.a(strnlen_P.o)
 .text          0x00000000        0x0 c:/program files (x86)/atmel/studio/7.0/toolchain/avr8/avr8-gnu-toolchain/bin/../lib/gcc/avr/5.4.0/../../../../avr/lib/avr5\libc.a(strnlen.o)
 .data          0x00000000        0x0 c:/program files (x86)/atmel/studio/7.0/toolchain/avr8/avr8-gnu-toolchain/bin/../lib/gcc/avr/5.4.0/../../../../avr/lib/avr5\libc.a(strnlen.o)
 .bss           0x00000000        0x0 c:/program files (x86)/atmel/studio/7.0/toolchain/avr8/avr8-gnu-toolchain/bin/../lib/gcc/avr/5.4.0/../../../../avr/lib/avr5\libc.a(strnlen.o)
 .text.avr-libc
                0x00000000       0x16 c:/program files (x86)/atmel/studio/7.0/toolchain/avr8/avr8-gnu-toolchain/bin/../lib/gcc/avr/5.4.0/../../../../avr/lib/avr5\libc.a(strnlen.o)
 .text          0x00000000        0x0 c:/program files (x86)/atmel/studio/7.0/toolchain/avr8/avr8-gnu-toolchain/bin/../lib/gcc/avr/5.4.0/../../../../avr/lib/avr5\libc.a(fputc.o)
 .data          0x00000000        0x0 c:/program files (x86)/atmel/studio/7.0/toolchain/avr8/avr8-gnu-toolchain/bin/../lib/gcc/avr/5.4.0/../../../../avr/lib/avr5\libc.a(fputc.o)
 .bss           0x00000000        0x0 c:/program files (x86)/atmel/studio/7.0/toolchain/avr8/avr8-gnu-toolchain/bin/../lib/gcc/avr/5.4.0/../../../../avr/lib/avr5\libc.a(fputc.o)
 .text.avr-libc
                0x00000000       0x78 c:/program files (x86)/atmel/studio/7.0/toolchain/avr8/avr8-gnu-toolchain/bin/../lib/gcc/avr/5.4.0/../../../../avr/lib/avr5\libc.a(fputc.o)
 .comment       0x00000000       0x31 c:/program files (x86)/atmel/studio/7.0/toolchain/avr8/avr8-gnu-toolchain/bin/../lib/gcc/avr/5.4.0/../../../../avr/lib/avr5\libc.a(fputc.o)
 .text          0x00000000        0x0 c:/program files (x86)/atmel/studio/7.0/toolchain/avr8/avr8-gnu-toolchain/bin/../lib/gcc/avr/5.4.0/../../../../avr/lib/avr5\libc.a(ultoa_invert.o)
 .data          0x00000000        0x0 c:/program files (x86)/atmel/studio/7.0/toolchain/avr8/avr8-gnu-toolchain/bin/../lib/gcc/avr/5.4.0/../../../../avr/lib/avr5\libc.a(ultoa_invert.o)
 .bss           0x00000000        0x0 c:/program files (x86)/atmel/studio/7.0/toolchain/avr8/avr8-gnu-toolchain/bin/../lib/gcc/avr/5.4.0/../../../../avr/lib/avr5\libc.a(ultoa_invert.o)
 .text.avr-libc
                0x00000000       0xbc c:/program files (x86)/atmel/studio/7.0/toolchain/avr8/avr8-gnu-toolchain/bin/../lib/gcc/avr/5.4.0/../../../../avr/lib/avr5\libc.a(ultoa_invert.o)
 .text          0x00000000        0x0 c:/program files (x86)/atmel/studio/7.0/toolchain/avr8/avr8-gnu-toolchain/bin/../lib/gcc/avr/5.4.0/avr5\libgcc.a(_prologue.o)
 .data          0x00000000        0x0 c:/program files (x86)/atmel/studio/7.0/toolchain/avr8/avr8-gnu-toolchain/bin/../lib/gcc/avr/5.4.0/avr5\libgcc.a(_prologue.o)
 .bss           0x00000000        0x0 c:/program files (x86)/atmel/studio/7.0/toolchain/avr8/avr8-gnu-toolchain/bin/../lib/gcc/avr/5.4.0/avr5\libgcc.a(_prologue.o)
 .text.libgcc.mul
                0x00000000        0x0 c:/program files (x86)/atmel/studio/7.0/toolchain/avr8/avr8-gnu-toolchain/bin/../lib/gcc/avr/5.4.0/avr5\libgcc.a(_prologue.o)
 .text.libgcc.div
                0x00000000        0x0 c:/program files (x86)/atmel/studio/7.0/toolchain/avr8/avr8-gnu-toolchain/bin/../lib/gcc/avr/5.4.0/avr5\libgcc.a(_prologue.o)
 .text.libgcc   0x00000000        0x0 c:/program files (x86)/atmel/studio/7.0/toolchain/avr8/avr8-gnu-toolchain/bin/../lib/gcc/avr/5.4.0/avr5\libgcc.a(_prologue.o)
 .text.libgcc.prologue
                0x00000000       0x38 c:/program files (x86)/atmel/studio/7.0/toolchain/avr8/avr8-gnu-toolchain/bin/../lib/gcc/avr/5.4.0/avr5\libgcc.a(_prologue.o)
 .text.libgcc.builtins
                0x00000000        0x0 c:/program files (x86)/atmel/studio/7.0/toolchain/avr8/avr8-gnu-toolchain/bin/../lib/gcc/avr/5.4.0/avr5\libgcc.a(_prologue.o)
 .text.libgcc.fmul
                0x00000000        0x0 c:/program files (x86)/atmel/studio/7.0/toolchain/avr8/avr8-gnu-toolchain/bin/../lib/gcc/avr/5.4.0/avr5\libgcc.a(_prologue.o)
 .text.libgcc.fixed
                0x00000000        0x0 c:/program files (x86)/atmel/studio/7.0/toolchain/avr8/avr8-gnu-toolchain/bin/../lib/gcc/avr/5.4.0/avr5\libgcc.a(_prologue.o)
 .text          0x00000000        0x0 c:/program files (x86)/atmel/studio/7.0/toolchain/avr8/avr8-gnu-toolchain/bin/../lib/gcc/avr/5.4.0/avr5\libgcc.a(_epilogue.o)
 .data          0x00000000        0x0 c:/program files (x86)/atmel/studio/7.0/toolchain/avr8/avr8-gnu-toolchain/bin/../lib/gcc/avr/5.4.0/avr5\libgcc.a(_epilogue.o)
 .bss           0x00000000        0x0 c:/program files (x86)/atmel/studio/7.0/toolchain/avr8/avr8-gnu-toolchain/bin/../lib/gcc/avr/5.4.0/avr5\libgcc.a(_epilogue.o)
 .text.libgcc.mul
                0x00000000        0x0 c:/program files (x86)/atmel/studio/7.0/toolchain/avr8/avr8-gnu-toolchain/bin/../lib/gcc/avr/5.4.0/avr5\libgcc.a(_epilogue.o)
 .text.libgcc.div
                0x00000000        0x0 c:/program files (x86)/atmel/studio/7.0/toolchain/avr8/avr8-gnu-toolchain/bin/../lib/gcc/avr/5.4.0/avr5\libgcc.a(_epilogue.o)
 .text.libgcc   0x00000000        0x0 c:/program files (x86)/atmel/studio/7.0/toolchain/avr8/avr8-gnu-toolchain/bin/../lib/gcc/avr/5.4.0/avr5\libgcc.a(_epilogue.o)
 .text.libgcc.prologue
                0x00000000       0x36 c:/program files (x86)/atmel/studio/7.0/toolchain/avr8/avr8-gnu-toolchain/bin/../lib/gcc/avr/5.4.0/avr5\libgcc.a(_epilogue.o)
 .text.libgcc.builtins
                0x00000000        0x0 c:/program files (x86)/atmel/studio/7.0/toolchain/avr8/avr8-gnu-toolchain/bin/../lib/gcc/avr/5.4.0/avr5\libgcc.a(_epilogue.o)
 .text.libgcc.fmul
                0x00000000        0x0 c:/program files (x86)/atmel/studio/7.0/toolchain/avr8/avr8-gnu-toolchain/bin/../lib/gcc/avr/5.4.0/avr5\libgcc.a(_epilogue.o)
 .text.libgcc.fixed
                0x00000000        0x0 c:/program files (x86)/atmel/studio/7.0/toolchain/avr8/avr8-gnu-toolchain/bin/../lib/gcc/avr/5.4.0/avr5\libgcc.a(_epilogue.o)

Memory Configuration

Name             Origin             Length             Attributes
text             0x00000000         0x00008000         xr
data             0x00800060         0x00000800         rw !x
eeprom           0x00810000         0x00000400         rw !x
fuse             0x00820000         0x00000002         rw !x
lock             0x00830000         0x00000400         rw !x
signature        0x00840000         0x00000400         rw !x
user_signatures  0x00850000         0x00000400         rw !x
*default*        0x00000000         0xffffffff

Linker script and memory map

LOAD C:/Program Files (x86)/Atmel/Studio/7.0/Packs/atmel/ATmega_DFP/1.7.374/gcc/dev/atmega32/avr5/crtatmega32.o
LOAD HAL/BUTTON/btn_program.o
LOAD HAL/KEY_PAD/KEYPAD_program.o
LOAD HAL/LCD/lcd_program.o
LOAD HAL/LED/led_program.o
LOAD HAL/SEV_SEG/sev_seg_program.o
LOAD main.o
LOAD MCAL/ADC/ADC_program.o
LOAD MCAL/DIO/dio_program.o
LOAD MCAL/EXT_INT/ext_int_program.o
LOAD MCAL/GIE/gie_program.o
LOAD MCAL/I2C/I2C_program.o
LOAD MCAL/NTI_EXT_EEPROM/EXT_EEPROM_prog.o
LOAD MCAL/NTI_EXT_EEPROM/TWI_prog.o
LOAD MCAL/NTI_I2C_EEPROM/EEPROM.o
LOAD MCAL/NTI_I2C_EEPROM/I2C.o
LOAD MCAL/SPI/SPI_program.o
LOAD MCAL/TIMER0/timer0_program.o
LOAD MCAL/UART/UART_program.o
LOAD MCAL/WDT/WDT_program.o
START GROUP
LOAD c:/program files (x86)/atmel/studio/7.0/toolchain/avr8/avr8-gnu-toolchain/bin/../lib/gcc/avr/5.4.0/../../../../avr/lib/avr5\libm.a
END GROUP
START GROUP
LOAD c:/program files (x86)/atmel/studio/7.0/toolchain/avr8/avr8-gnu-toolchain/bin/../lib/gcc/avr/5.4.0/avr5\libgcc.a
LOAD c:/program files (x86)/atmel/studio/7.0/toolchain/avr8/avr8-gnu-toolchain/bin/../lib/gcc/avr/5.4.0/../../../../avr/lib/avr5\libm.a
LOAD c:/program files (x86)/atmel/studio/7.0/toolchain/avr8/avr8-gnu-toolchain/bin/../lib/gcc/avr/5.4.0/../../../../avr/lib/avr5\libc.a
LOAD C:/Program Files (x86)/Atmel/Studio/7.0/Packs/atmel/ATmega_DFP/1.7.374/gcc/dev/atmega32/avr5\libatmega32.a
END GROUP
                0x00000000                __TEXT_REGION_ORIGIN__ = DEFINED (__TEXT_REGION_ORIGIN__)?__TEXT_REGION_ORIGIN__:0x0
                [0x00800060]                __DATA_REGION_ORIGIN__ = DEFINED (__DATA_REGION_ORIGIN__)?__DATA_REGION_ORIGIN__:0x800060
                [0x00008000]                __TEXT_REGION_LENGTH__ = DEFINED (__TEXT_REGION_LENGTH__)?__TEXT_REGION_LENGTH__:0x20000
                [0x00000800]                __DATA_REGION_LENGTH__ = DEFINED (__DATA_REGION_LENGTH__)?__DATA_REGION_LENGTH__:0xffa0
                [0x00000400]                __EEPROM_REGION_LENGTH__ = DEFINED (__EEPROM_REGION_LENGTH__)?__EEPROM_REGION_LENGTH__:0x10000
                [0x00000002]                __FUSE_REGION_LENGTH__ = DEFINED (__FUSE_REGION_LENGTH__)?__FUSE_REGION_LENGTH__:0x400
                0x00000400                __LOCK_REGION_LENGTH__ = DEFINED (__LOCK_REGION_LENGTH__)?__LOCK_REGION_LENGTH__:0x400
                0x00000400                __SIGNATURE_REGION_LENGTH__ = DEFINED (__SIGNATURE_REGION_LENGTH__)?__SIGNATURE_REGION_LENGTH__:0x400
                0x00000400                __USER_SIGNATURE_REGION_LENGTH__ = DEFINED (__USER_SIGNATURE_REGION_LENGTH__)?__USER_SIGNATURE_REGION_LENGTH__:0x400

.hash
 *(.hash)

.dynsym
 *(.dynsym)

.dynstr
 *(.dynstr)

.gnu.version
 *(.gnu.version)

.gnu.version_d
 *(.gnu.version_d)

.gnu.version_r
 *(.gnu.version_r)

.rel.init
 *(.rel.init)

.rela.init
 *(.rela.init)

.rel.text
 *(.rel.text)
 *(.rel.text.*)
 *(.rel.gnu.linkonce.t*)

.rela.text
 *(.rela.text)
 *(.rela.text.*)
 *(.rela.gnu.linkonce.t*)

.rel.fini
 *(.rel.fini)

.rela.fini
 *(.rela.fini)

.rel.rodata
 *(.rel.rodata)
 *(.rel.rodata.*)
 *(.rel.gnu.linkonce.r*)

.rela.rodata
 *(.rela.rodata)
 *(.rela.rodata.*)
 *(.rela.gnu.linkonce.r*)

.rel.data
 *(.rel.data)
 *(.rel.data.*)
 *(.rel.gnu.linkonce.d*)

.rela.data
 *(.rela.data)
 *(.rela.data.*)
 *(.rela.gnu.linkonce.d*)

.rel.ctors
 *(.rel.ctors)

.rela.ctors
 *(.rela.ctors)

.rel.dtors
 *(.rel.dtors)

.rela.dtors
 *(.rela.dtors)

.rel.got
 *(.rel.got)

.rela.got
 *(.rela.got)

.rel.bss
 *(.rel.bss)

.rela.bss
 *(.rela.bss)

.rel.plt
 *(.rel.plt)

.rela.plt
 *(.rela.plt)

.text           0x00000000      0x856
 *(.vectors)
 .vectors       0x00000000       0x54 C:/Program Files (x86)/Atmel/Studio/7.0/Packs/atmel/ATmega_DFP/1.7.374/gcc/dev/atmega32/avr5/crtatmega32.o
                0x00000000                __vector_default
                0x00000000                __vectors
 *(.vectors)
 *(.progmem.gcc*)
                0x00000054                . = ALIGN (0x2)
                0x00000054                __trampolines_start = .
 *(.trampolines)
 .trampolines   0x00000054        0x0 linker stubs
 *(.trampolines*)
                0x00000054                __trampolines_end = .
 *libprintf_flt.a:*(.progmem.data)
 *libc.a:*(.progmem.data)
 *(.progmem*)
                0x00000054                . = ALIGN (0x2)
 *(.jumptables)
 *(.jumptables*)
 *(.lowtext)
 *(.lowtext*)
                0x00000054                __ctors_start = .
 *(.ctors)
                0x00000054                __ctors_end = .
                0x00000054                __dtors_start = .
 *(.dtors)
                0x00000054                __dtors_end = .
 SORT(*)(.ctors)
 SORT(*)(.dtors)
 *(.init0)
 .init0         0x00000054        0x0 C:/Program Files (x86)/Atmel/Studio/7.0/Packs/atmel/ATmega_DFP/1.7.374/gcc/dev/atmega32/avr5/crtatmega32.o
                0x00000054                __init
 *(.init0)
 *(.init1)
 *(.init1)
 *(.init2)
 .init2         0x00000054        0xc C:/Program Files (x86)/Atmel/Studio/7.0/Packs/atmel/ATmega_DFP/1.7.374/gcc/dev/atmega32/avr5/crtatmega32.o
 *(.init2)
 *(.init3)
 *(.init3)
 *(.init4)
 .init4         0x00000060       0x16 c:/program files (x86)/atmel/studio/7.0/toolchain/avr8/avr8-gnu-toolchain/bin/../lib/gcc/avr/5.4.0/avr5\libgcc.a(_copy_data.o)
                0x00000060                __do_copy_data
 .init4         0x00000076       0x10 c:/program files (x86)/atmel/studio/7.0/toolchain/avr8/avr8-gnu-toolchain/bin/../lib/gcc/avr/5.4.0/avr5\libgcc.a(_clear_bss.o)
                0x00000076                __do_clear_bss
 *(.init4)
 *(.init5)
 *(.init5)
 *(.init6)
 *(.init6)
 *(.init7)
 *(.init7)
 *(.init8)
 *(.init8)
 *(.init9)
 .init9         0x00000086        0x8 C:/Program Files (x86)/Atmel/Studio/7.0/Packs/atmel/ATmega_DFP/1.7.374/gcc/dev/atmega32/avr5/crtatmega32.o
 *(.init9)
 *(.text)
 .text          0x0000008e        0x4 C:/Program Files (x86)/Atmel/Studio/7.0/Packs/atmel/ATmega_DFP/1.7.374/gcc/dev/atmega32/avr5/crtatmega32.o
                0x0000008e                __bad_interrupt
                0x0000008e                __vector_6
                0x0000008e                __vector_17
                0x0000008e                __vector_19
                0x0000008e                __vector_7
                0x0000008e                __vector_5
                0x0000008e                __vector_4
                0x0000008e                __vector_9
                0x0000008e                __vector_8
                0x0000008e                __vector_14
                0x0000008e                __vector_16
                0x0000008e                __vector_18
                0x0000008e                __vector_20
                0x00000092                . = ALIGN (0x2)
 *(.text.*)
 .text.LED_init
                0x00000092       0x1e HAL/LED/led_program.o
                0x00000092                LED_init
 .text.LED_turn_on
                0x000000b0        0x8 HAL/LED/led_program.o
                0x000000b0                LED_turn_on
 .text.LED_turn_off
                0x000000b8        0x8 HAL/LED/led_program.o
                0x000000b8                LED_turn_off
 .text.SPI_intHandler
                0x000000c0       0x1e main.o
                0x000000c0                SPI_intHandler
 .text.main     0x000000de       0xce main.o
                0x000000de                main
 .text.DIO_void_SetPinDirection
                0x000001ac       0xea MCAL/DIO/dio_program.o
                0x000001ac                DIO_void_SetPinDirection
 .text.DIO_void_SetPinValue
                0x00000296       0xea MCAL/DIO/dio_program.o
                0x00000296                DIO_void_SetPinValue
 .text.__vector_1
                0x00000380       0x5a MCAL/EXT_INT/ext_int_program.o
                0x00000380                __vector_1
 .text.__vector_2
                0x000003da       0x5a MCAL/EXT_INT/ext_int_program.o
                0x000003da                __vector_2
 .text.__vector_3
                0x00000434       0x5a MCAL/EXT_INT/ext_int_program.o
                0x00000434                __vector_3
 .text.GIE_Enable
                0x0000048e        0x8 MCAL/GIE/gie_program.o
                0x0000048e                GIE_Enable
 .text.GIE_Disable
                0x00000496        0x8 MCAL/GIE/gie_program.o
                0x00000496                GIE_Disable
 .text.H_EXT_EEPROM_void_Init
                0x0000049e        0x6 MCAL/NTI_EXT_EEPROM/EXT_EEPROM_prog.o
                0x0000049e                H_EXT_EEPROM_void_Init
 .text.H_EXT_EEPROM_void_Write
                0x000004a4       0x3c MCAL/NTI_EXT_EEPROM/EXT_EEPROM_prog.o
                0x000004a4                H_EXT_EEPROM_void_Write
 .text.H_EXT_EEPROM_void_Read
                0x000004e0       0x4a MCAL/NTI_EXT_EEPROM/EXT_EEPROM_prog.o
                0x000004e0                H_EXT_EEPROM_void_Read
 .text.M_TWI_void_Init
                0x0000052a       0x1e MCAL/NTI_EXT_EEPROM/TWI_prog.o
                0x0000052a                M_TWI_void_Init
 .text.M_TWI_u8_StartCondition
                0x00000548       0x22 MCAL/NTI_EXT_EEPROM/TWI_prog.o
                0x00000548                M_TWI_u8_StartCondition
 .text.M_TWI_void_StopCondition
                0x0000056a        0xe MCAL/NTI_EXT_EEPROM/TWI_prog.o
                0x0000056a                M_TWI_void_StopCondition
 .text.M_TWI_u8_RepeatedStart
                0x00000578       0x22 MCAL/NTI_EXT_EEPROM/TWI_prog.o
                0x00000578                M_TWI_u8_RepeatedStart
 .text.M_TWI_u8_SendSlaveAddressWrite
                0x0000059a       0x26 MCAL/NTI_EXT_EEPROM/TWI_prog.o
                0x0000059a                M_TWI_u8_SendSlaveAddressWrite
 .text.M_TWI_u8_SendSlaveAddressRead
                0x000005c0       0x2c MCAL/NTI_EXT_EEPROM/TWI_prog.o
                0x000005c0                M_TWI_u8_SendSlaveAddressRead
 .text.M_TWI_u8_SendByte
                0x000005ec       0x1e MCAL/NTI_EXT_EEPROM/TWI_prog.o
                0x000005ec                M_TWI_u8_SendByte
 .text.M_TWI_u8_ReadByte
                0x0000060a       0x22 MCAL/NTI_EXT_EEPROM/TWI_prog.o
                0x0000060a                M_TWI_u8_ReadByte
 .text.SPI_Slave_Init
                0x0000062c       0x5c MCAL/SPI/SPI_program.o
                0x0000062c                SPI_Slave_Init
 .text.SPI_Receive
                0x00000688       0x1e MCAL/SPI/SPI_program.o
                0x00000688                SPI_Receive
 .text.SPI_Callback
                0x000006a6        0xa MCAL/SPI/SPI_program.o
                0x000006a6                SPI_Callback
 .text.__vector_12
                0x000006b0       0x5a MCAL/SPI/SPI_program.o
                0x000006b0                __vector_12
 .text.__vector_11
                0x0000070a       0x14 MCAL/TIMER0/timer0_program.o
                0x0000070a                __vector_11
 .text.__vector_10
                0x0000071e       0x80 MCAL/TIMER0/timer0_program.o
                0x0000071e                __vector_10
 .text.__vector_13
                0x0000079e       0x5a MCAL/UART/UART_program.o
                0x0000079e                __vector_13
 .text.__vector_15
                0x000007f8       0x5a MCAL/UART/UART_program.o
                0x000007f8                __vector_15
                0x00000852                . = ALIGN (0x2)
 *(.fini9)
 .fini9         0x00000852        0x0 c:/program files (x86)/atmel/studio/7.0/toolchain/avr8/avr8-gnu-toolchain/bin/../lib/gcc/avr/5.4.0/avr5\libgcc.a(_exit.o)
                0x00000852                _exit
                0x00000852                exit
 *(.fini9)
 *(.fini8)
 *(.fini8)
 *(.fini7)
 *(.fini7)
 *(.fini6)
 *(.fini6)
 *(.fini5)
 *(.fini5)
 *(.fini4)
 *(.fini4)
 *(.fini3)
 *(.fini3)
 *(.fini2)
 *(.fini2)
 *(.fini1)
 *(.fini1)
 *(.fini0)
 .fini0         0x00000852        0x4 c:/program files (x86)/atmel/studio/7.0/toolchain/avr8/avr8-gnu-toolchain/bin/../lib/gcc/avr/5.4.0/avr5\libgcc.a(_exit.o)
 *(.fini0)
                0x00000856                _etext = .

.data           0x00800060        0x6 load address 0x00000856
                0x00800060                PROVIDE (__data_start, .)
 *(.data)
 *(.data*)
 .data.SPDR     0x00800060        0x2 MCAL/SPI/SPI_program.o
                0x00800060                SPDR
 .data.SPSRbits
                0x00800062        0x2 MCAL/SPI/SPI_program.o
                0x00800062                SPSRbits
 .data.SPCRbits
                0x00800064        0x2 MCAL/SPI/SPI_program.o
                0x00800064                SPCRbits
 *(.gnu.linkonce.d*)
 *(.rodata)
 *(.rodata*)
 *(.gnu.linkonce.r*)
                0x00800066                . = ALIGN (0x2)
                0x00800066                _edata = .
                0x00800066                PROVIDE (__data_end, .)

.bss            0x00800066       0x12
                0x00800066                PROVIDE (__bss_start, .)
 *(.bss)
 *(.bss*)
 .bss.test      0x00800066        0x1 main.o
                0x00800066                test
 .bss.gas_state
                0x00800067        0x1 main.o
                0x00800067                gas_state
 .bss.EXT_INT2_InterruptHandler
                0x00800068        0x2 MCAL/EXT_INT/ext_int_program.o
 .bss.EXT_INT1_InterruptHandler
                0x0080006a        0x2 MCAL/EXT_INT/ext_int_program.o
 .bss.EXT_INT0_InterruptHandler
                0x0080006c        0x2 MCAL/EXT_INT/ext_int_program.o
 .bss.SPI_InterruptHandler
                0x0080006e        0x2 MCAL/SPI/SPI_program.o
 .bss.TMR0_InterruptHandler_Compare
                0x00800070        0x2 MCAL/TIMER0/timer0_program.o
 .bss.TMR0_OverFlowCounter
                0x00800072        0x2 MCAL/TIMER0/timer0_program.o
 .bss.TX_InterruptHandler
                0x00800074        0x2 MCAL/UART/UART_program.o
 .bss.RX_InterruptHandler
                0x00800076        0x2 MCAL/UART/UART_program.o
 *(COMMON)
                0x00800078                PROVIDE (__bss_end, .)
                0x00000856                __data_load_start = LOADADDR (.data)
                0x0000085c                __data_load_end = (__data_load_start + SIZEOF (.data))

.noinit         0x00800078        0x0
                [!provide]                PROVIDE (__noinit_start, .)
 *(.noinit*)
                [!provide]                PROVIDE (__noinit_end, .)
                0x00800078                _end = .
                [!provide]                PROVIDE (__heap_start, .)

.eeprom         0x00810000        0x0
 *(.eeprom*)
                0x00810000                __eeprom_end = .

.fuse
 *(.fuse)
 *(.lfuse)
 *(.hfuse)
 *(.efuse)

.lock
 *(.lock*)

.signature
 *(.signature*)

.user_signatures
 *(.user_signatures*)

.stab
 *(.stab)

.stabstr
 *(.stabstr)

.stab.excl
 *(.stab.excl)

.stab.exclstr
 *(.stab.exclstr)

.stab.index
 *(.stab.index)

.stab.indexstr
 *(.stab.indexstr)

.comment        0x00000000       0x30
 *(.comment)
 .comment       0x00000000       0x30 HAL/LED/led_program.o
                                 0x31 (size before relaxing)
 .comment       0x00000030       0x31 main.o
 .comment       0x00000030       0x31 MCAL/DIO/dio_program.o
 .comment       0x00000030       0x31 MCAL/EXT_INT/ext_int_program.o
 .comment       0x00000030       0x31 MCAL/GIE/gie_program.o
 .comment       0x00000030       0x31 MCAL/NTI_EXT_EEPROM/EXT_EEPROM_prog.o
 .comment       0x00000030       0x31 MCAL/NTI_EXT_EEPROM/TWI_prog.o
 .comment       0x00000030       0x31 MCAL/SPI/SPI_program.o
 .comment       0x00000030       0x31 MCAL/TIMER0/timer0_program.o
 .comment       0x00000030       0x31 MCAL/UART/UART_program.o

.note.gnu.avr.deviceinfo
                0x00000000       0x3c
 .note.gnu.avr.deviceinfo
                0x00000000       0x3c C:/Program Files (x86)/Atmel/Studio/7.0/Packs/atmel/ATmega_DFP/1.7.374/gcc/dev/atmega32/avr5/crtatmega32.o

.note.gnu.build-id
 *(.note.gnu.build-id)

.debug
 *(.debug)

.line
 *(.line)

.debug_srcinfo
 *(.debug_srcinfo)

.debug_sfnames
 *(.debug_sfnames)

.debug_aranges  0x00000000      0x2e0
 *(.debug_aranges)
 .debug_aranges
                0x00000000       0x50 HAL/LED/led_program.o
 .debug_aranges
                0x00000050       0x28 main.o
 .debug_aranges
                0x00000078       0x50 MCAL/DIO/dio_program.o
 .debug_aranges
                0x000000c8       0x40 MCAL/EXT_INT/ext_int_program.o
 .debug_aranges
                0x00000108       0x38 MCAL/GIE/gie_program.o
 .debug_aranges
                0x00000140       0x30 MCAL/NTI_EXT_EEPROM/EXT_EEPROM_prog.o
 .debug_aranges
                0x00000170       0x58 MCAL/NTI_EXT_EEPROM/TWI_prog.o
 .debug_aranges
                0x000001c8       0x48 MCAL/SPI/SPI_program.o
 .debug_aranges
                0x00000210       0x78 MCAL/TIMER0/timer0_program.o
 .debug_aranges
                0x00000288       0x58 MCAL/UART/UART_program.o

.debug_pubnames
 *(.debug_pubnames)

.debug_info     0x00000000     0x2403
 *(.debug_info .gnu.linkonce.wi.*)
 .debug_info    0x00000000      0x4e6 C:/Program Files (x86)/Atmel/Studio/7.0/Packs/atmel/ATmega_DFP/1.7.374/gcc/dev/atmega32/avr5/crtatmega32.o
 .debug_info    0x000004e6      0x35a HAL/LED/led_program.o
 .debug_info    0x00000840      0x41a main.o
 .debug_info    0x00000c5a      0x280 MCAL/DIO/dio_program.o
 .debug_info    0x00000eda      0x348 MCAL/EXT_INT/ext_int_program.o
 .debug_info    0x00001222      0x126 MCAL/GIE/gie_program.o
 .debug_info    0x00001348      0x2d9 MCAL/NTI_EXT_EEPROM/EXT_EEPROM_prog.o
 .debug_info    0x00001621      0x253 MCAL/NTI_EXT_EEPROM/TWI_prog.o
 .debug_info    0x00001874      0x3f9 MCAL/SPI/SPI_program.o
 .debug_info    0x00001c6d      0x450 MCAL/TIMER0/timer0_program.o
 .debug_info    0x000020bd      0x346 MCAL/UART/UART_program.o

.debug_abbrev   0x00000000      0xf49
 *(.debug_abbrev)
 .debug_abbrev  0x00000000      0x4a3 C:/Program Files (x86)/Atmel/Studio/7.0/Packs/atmel/ATmega_DFP/1.7.374/gcc/dev/atmega32/avr5/crtatmega32.o
 .debug_abbrev  0x000004a3       0xca HAL/LED/led_program.o
 .debug_abbrev  0x0000056d       0xe3 main.o
 .debug_abbrev  0x00000650       0xbb MCAL/DIO/dio_program.o
 .debug_abbrev  0x0000070b      0x137 MCAL/EXT_INT/ext_int_program.o
 .debug_abbrev  0x00000842       0xb5 MCAL/GIE/gie_program.o
 .debug_abbrev  0x000008f7      0x152 MCAL/NTI_EXT_EEPROM/EXT_EEPROM_prog.o
 .debug_abbrev  0x00000a49       0xb9 MCAL/NTI_EXT_EEPROM/TWI_prog.o
 .debug_abbrev  0x00000b02      0x17e MCAL/SPI/SPI_program.o
 .debug_abbrev  0x00000c80      0x184 MCAL/TIMER0/timer0_program.o
 .debug_abbrev  0x00000e04      0x145 MCAL/UART/UART_program.o

.debug_line     0x00000000     0x1507
 *(.debug_line .debug_line.* .debug_line_end)
 .debug_line    0x00000000      0x116 C:/Program Files (x86)/Atmel/Studio/7.0/Packs/atmel/ATmega_DFP/1.7.374/gcc/dev/atmega32/avr5/crtatmega32.o
 .debug_line    0x00000116      0x13b HAL/LED/led_program.o
 .debug_line    0x00000251      0x1d6 main.o
 .debug_line    0x00000427      0x2b6 MCAL/DIO/dio_program.o
 .debug_line    0x000006dd      0x283 MCAL/EXT_INT/ext_int_program.o
 .debug_line    0x00000960       0xc6 MCAL/GIE/gie_program.o
 .debug_line    0x00000a26      0x1c6 MCAL/NTI_EXT_EEPROM/EXT_EEPROM_prog.o
 .debug_line    0x00000bec      0x22b MCAL/NTI_EXT_EEPROM/TWI_prog.o
 .debug_line    0x00000e17      0x1b9 MCAL/SPI/SPI_program.o
 .debug_line    0x00000fd0      0x362 MCAL/TIMER0/timer0_program.o
 .debug_line    0x00001332      0x1d5 MCAL/UART/UART_program.o

.debug_frame    0x00000000      0x790
 *(.debug_frame)
 .debug_frame   0x00000000       0x90 HAL/LED/led_program.o
 .debug_frame   0x00000090       0x34 main.o
 .debug_frame   0x000000c4       0x84 MCAL/DIO/dio_program.o
 .debug_frame   0x00000148      0x148 MCAL/EXT_INT/ext_int_program.o
 .debug_frame   0x00000290       0x54 MCAL/GIE/gie_program.o
 .debug_frame   0x000002e4       0x70 MCAL/NTI_EXT_EEPROM/EXT_EEPROM_prog.o
 .debug_frame   0x00000354       0x94 MCAL/NTI_EXT_EEPROM/TWI_prog.o
 .debug_frame   0x000003e8       0xbc MCAL/SPI/SPI_program.o
 .debug_frame   0x000004a4      0x17c MCAL/TIMER0/timer0_program.o
 .debug_frame   0x00000620      0x170 MCAL/UART/UART_program.o

.debug_str      0x00000000      0xd6e
 *(.debug_str)
 .debug_str     0x00000000      0x196 C:/Program Files (x86)/Atmel/Studio/7.0/Packs/atmel/ATmega_DFP/1.7.374/gcc/dev/atmega32/avr5/crtatmega32.o
 .debug_str     0x00000196      0x28c HAL/LED/led_program.o
                                0x2c5 (size before relaxing)
 .debug_str     0x00000422       0xda main.o
                                0x2d4 (size before relaxing)
 .debug_str     0x000004fc       0xa7 MCAL/DIO/dio_program.o
                                0x2cb (size before relaxing)
 .debug_str     0x000005a3       0xcd MCAL/EXT_INT/ext_int_program.o
                                0x307 (size before relaxing)
 .debug_str     0x00000670       0x3e MCAL/GIE/gie_program.o
                                0x1e1 (size before relaxing)
 .debug_str     0x000006ae      0x144 MCAL/NTI_EXT_EEPROM/EXT_EEPROM_prog.o
                                0x320 (size before relaxing)
 .debug_str     0x000007f2       0xd4 MCAL/NTI_EXT_EEPROM/TWI_prog.o
                                0x325 (size before relaxing)
 .debug_str     0x000008c6       0xc8 MCAL/SPI/SPI_program.o
                                0x32c (size before relaxing)
 .debug_str     0x0000098e      0x2b2 MCAL/TIMER0/timer0_program.o
                                0x503 (size before relaxing)
 .debug_str     0x00000c40      0x12e MCAL/UART/UART_program.o
                                0x2d7 (size before relaxing)

.debug_loc      0x00000000     0x13e8
 *(.debug_loc)
 .debug_loc     0x00000000      0x14d HAL/LED/led_program.o
 .debug_loc     0x0000014d      0x3ef MCAL/DIO/dio_program.o
 .debug_loc     0x0000053c      0x31e MCAL/EXT_INT/ext_int_program.o
 .debug_loc     0x0000085a       0x3a MCAL/GIE/gie_program.o
 .debug_loc     0x00000894      0x15e MCAL/NTI_EXT_EEPROM/EXT_EEPROM_prog.o
 .debug_loc     0x000009f2      0x171 MCAL/NTI_EXT_EEPROM/TWI_prog.o
 .debug_loc     0x00000b63      0x114 MCAL/SPI/SPI_program.o
 .debug_loc     0x00000c77      0x3fb MCAL/TIMER0/timer0_program.o
 .debug_loc     0x00001072      0x376 MCAL/UART/UART_program.o

.debug_macinfo
 *(.debug_macinfo)

.debug_weaknames
 *(.debug_weaknames)

.debug_funcnames
 *(.debug_funcnames)

.debug_typenames
 *(.debug_typenames)

.debug_varnames
 *(.debug_varnames)

.debug_pubtypes
 *(.debug_pubtypes)

.debug_ranges   0x00000000      0x240
 *(.debug_ranges)
 .debug_ranges  0x00000000       0x40 HAL/LED/led_program.o
 .debug_ranges  0x00000040       0x18 main.o
 .debug_ranges  0x00000058       0x40 MCAL/DIO/dio_program.o
 .debug_ranges  0x00000098       0x30 MCAL/EXT_INT/ext_int_program.o
 .debug_ranges  0x000000c8       0x28 MCAL/GIE/gie_program.o
 .debug_ranges  0x000000f0       0x20 MCAL/NTI_EXT_EEPROM/EXT_EEPROM_prog.o
 .debug_ranges  0x00000110       0x48 MCAL/NTI_EXT_EEPROM/TWI_prog.o
 .debug_ranges  0x00000158       0x38 MCAL/SPI/SPI_program.o
 .debug_ranges  0x00000190       0x68 MCAL/TIMER0/timer0_program.o
 .debug_ranges  0x000001f8       0x48 MCAL/UART/UART_program.o

.debug_macro
 *(.debug_macro)
OUTPUT(Receiver_Atmega32.elf elf32-avr)
LOAD linker stubs
